Component: ARM Compiler 5.06 update 7 (build 960) Tool: armlink [4d3601]

==============================================================================

Section Cross References

    startup_stm32f411xe.o(STACK) refers (Special) to heapauxi.o(.text) for __use_two_region_memory
    startup_stm32f411xe.o(HEAP) refers (Special) to heapauxi.o(.text) for __use_two_region_memory
    startup_stm32f411xe.o(RESET) refers (Special) to heapauxi.o(.text) for __use_two_region_memory
    startup_stm32f411xe.o(RESET) refers to startup_stm32f411xe.o(STACK) for __initial_sp
    startup_stm32f411xe.o(RESET) refers to startup_stm32f411xe.o(.text) for Reset_Handler
    startup_stm32f411xe.o(RESET) refers to stm32f4xx_it.o(i.NMI_Handler) for NMI_Handler
    startup_stm32f411xe.o(RESET) refers to stm32f4xx_it.o(i.HardFault_Handler) for HardFault_Handler
    startup_stm32f411xe.o(RESET) refers to stm32f4xx_it.o(i.MemManage_Handler) for MemManage_Handler
    startup_stm32f411xe.o(RESET) refers to stm32f4xx_it.o(i.BusFault_Handler) for BusFault_Handler
    startup_stm32f411xe.o(RESET) refers to stm32f4xx_it.o(i.UsageFault_Handler) for UsageFault_Handler
    startup_stm32f411xe.o(RESET) refers to stm32f4xx_it.o(i.SVC_Handler) for SVC_Handler
    startup_stm32f411xe.o(RESET) refers to stm32f4xx_it.o(i.DebugMon_Handler) for DebugMon_Handler
    startup_stm32f411xe.o(RESET) refers to stm32f4xx_it.o(i.PendSV_Handler) for PendSV_Handler
    startup_stm32f411xe.o(RESET) refers to stm32f4xx_it.o(i.SysTick_Handler) for SysTick_Handler
    startup_stm32f411xe.o(RESET) refers to stm32f4xx_it.o(i.DMA1_Stream5_IRQHandler) for DMA1_Stream5_IRQHandler
    startup_stm32f411xe.o(RESET) refers to stm32f4xx_it.o(i.DMA1_Stream6_IRQHandler) for DMA1_Stream6_IRQHandler
    startup_stm32f411xe.o(RESET) refers to stm32f4xx_it.o(i.SPI2_IRQHandler) for SPI2_IRQHandler
    startup_stm32f411xe.o(RESET) refers to stm32f4xx_it.o(i.USART1_IRQHandler) for USART1_IRQHandler
    startup_stm32f411xe.o(RESET) refers to stm32f4xx_it.o(i.USART2_IRQHandler) for USART2_IRQHandler
    startup_stm32f411xe.o(RESET) refers to stm32f4xx_it.o(i.DMA2_Stream1_IRQHandler) for DMA2_Stream1_IRQHandler
    startup_stm32f411xe.o(RESET) refers to stm32f4xx_it.o(i.DMA2_Stream6_IRQHandler) for DMA2_Stream6_IRQHandler
    startup_stm32f411xe.o(RESET) refers to stm32f4xx_it.o(i.USART6_IRQHandler) for USART6_IRQHandler
    startup_stm32f411xe.o(.text) refers (Special) to heapauxi.o(.text) for __use_two_region_memory
    startup_stm32f411xe.o(.text) refers to system_stm32f4xx.o(i.SystemInit) for SystemInit
    startup_stm32f411xe.o(.text) refers to __main.o(!!!main) for __main
    startup_stm32f411xe.o(.text) refers to startup_stm32f411xe.o(HEAP) for Heap_Mem
    startup_stm32f411xe.o(.text) refers to startup_stm32f411xe.o(STACK) for Stack_Mem
    canspi.o(i.CANSPI_Initialize) refers to mcp2515.o(i.MCP2515_Initialize) for MCP2515_Initialize
    canspi.o(i.CANSPI_Initialize) refers to mcp2515.o(i.MCP2515_SetConfigMode) for MCP2515_SetConfigMode
    canspi.o(i.CANSPI_Initialize) refers to mcp2515.o(i.MCP2515_WriteByteSequence) for MCP2515_WriteByteSequence
    canspi.o(i.CANSPI_Initialize) refers to mcp2515.o(i.MCP2515_WriteByte) for MCP2515_WriteByte
    canspi.o(i.CANSPI_Initialize) refers to mcp2515.o(i.MCP2515_SetNormalMode) for MCP2515_SetNormalMode
    canspi.o(i.CANSPI_Receive) refers to mcp2515.o(i.MCP2515_GetRxStatus) for MCP2515_GetRxStatus
    canspi.o(i.CANSPI_Receive) refers to mcp2515.o(i.MCP2515_ReadRxSequence) for MCP2515_ReadRxSequence
    canspi.o(i.CANSPI_Sleep) refers to mcp2515.o(i.MCP2515_BitModify) for MCP2515_BitModify
    canspi.o(i.CANSPI_Sleep) refers to mcp2515.o(i.MCP2515_SetSleepMode) for MCP2515_SetSleepMode
    canspi.o(i.CANSPI_Transmit) refers to mcp2515.o(i.MCP2515_ReadStatus) for MCP2515_ReadStatus
    canspi.o(i.CANSPI_Transmit) refers to canspi.o(i.convertCANid2Reg) for convertCANid2Reg
    canspi.o(i.CANSPI_Transmit) refers to mcp2515.o(i.MCP2515_LoadTxSequence) for MCP2515_LoadTxSequence
    canspi.o(i.CANSPI_Transmit) refers to mcp2515.o(i.MCP2515_RequestToSend) for MCP2515_RequestToSend
    canspi.o(i.CANSPI_Transmit) refers to canspi.o(.data) for .data
    canspi.o(i.CANSPI_isBussOff) refers to mcp2515.o(i.MCP2515_ReadByte) for MCP2515_ReadByte
    canspi.o(i.CANSPI_isBussOff) refers to canspi.o(.data) for .data
    canspi.o(i.CANSPI_isRxErrorPassive) refers to mcp2515.o(i.MCP2515_ReadByte) for MCP2515_ReadByte
    canspi.o(i.CANSPI_isRxErrorPassive) refers to canspi.o(.data) for .data
    canspi.o(i.CANSPI_isTxErrorPassive) refers to mcp2515.o(i.MCP2515_ReadByte) for MCP2515_ReadByte
    canspi.o(i.CANSPI_isTxErrorPassive) refers to canspi.o(.data) for .data
    canspi.o(i.CANSPI_messagesInBuffer) refers to mcp2515.o(i.MCP2515_ReadStatus) for MCP2515_ReadStatus
    canspi.o(i.CANSPI_messagesInBuffer) refers to canspi.o(.data) for .data
    mcp2515.o(i.MCP2515_BitModify) refers to stm32f4xx_hal_gpio.o(i.HAL_GPIO_WritePin) for HAL_GPIO_WritePin
[...]
    ../fplib/dnaninf.s                       0x00000000   Number         0  dnaninf.o ABSOLUTE
    ../fplib/dretinf.s                       0x00000000   Number         0  dretinf.o ABSOLUTE
    ../fplib/fpinit.s                        0x00000000   Number         0  fpinit.o ABSOLUTE
    ../fplib/usenofp.s                       0x00000000   Number         0  usenofp.o ABSOLUTE
    ..\Core\Src\CANSPI.c                     0x00000000   Number         0  canspi.o ABSOLUTE
    ..\Core\Src\MCP2515.c                    0x00000000   Number         0  mcp2515.o ABSOLUTE
    ..\Core\Src\dma.c                        0x00000000   Number         0  dma.o ABSOLUTE
    ..\Core\Src\gpio.c                       0x00000000   Number         0  gpio.o ABSOLUTE
    ..\Core\Src\i2c.c                        0x00000000   Number         0  i2c.o ABSOLUTE
    ..\Core\Src\main.c                       0x00000000   Number         0  main.o ABSOLUTE
    ..\Core\Src\spi.c                        0x00000000   Number         0  spi.o ABSOLUTE
    ..\Core\Src\stm32f4xx_hal_msp.c          0x00000000   Number         0  stm32f4xx_hal_msp.o ABSOLUTE
    ..\Core\Src\stm32f4xx_it.c               0x00000000   Number         0  stm32f4xx_it.o ABSOLUTE
    ..\Core\Src\system_stm32f4xx.c           0x00000000   Number         0  system_stm32f4xx.o ABSOLUTE
    ..\Core\Src\usart.c                      0x00000000   Number         0  usart.o ABSOLUTE
    ..\Drivers\STM32F4xx_HAL_Driver\Src\stm32f4xx_hal.c 0x00000000   Number         0  stm32f4xx_hal.o ABSOLUTE
    ..\Drivers\STM32F4xx_HAL_Driver\Src\stm32f4xx_hal_cortex.c 0x00000000   Number         0  stm32f4xx_hal_cortex.o ABSOLUTE
    ..\Drivers\STM32F4xx_HAL_Driver\Src\stm32f4xx_hal_dma.c 0x00000000   Number         0  stm32f4xx_hal_dma.o ABSOLUTE
    ..\Drivers\STM32F4xx_HAL_Driver\Src\stm32f4xx_hal_dma_ex.c 0x00000000   Number         0  stm32f4xx_hal_dma_ex.o ABSOLUTE
    ..\Drivers\STM32F4xx_HAL_Driver\Src\stm32f4xx_hal_exti.c 0x00000000   Number         0  stm32f4xx_hal_exti.o ABSOLUTE
    ..\Drivers\STM32F4xx_HAL_Driver\Src\stm32f4xx_hal_flash.c 0x00000000   Number         0  stm32f4xx_hal_flash.o ABSOLUTE
    ..\Drivers\STM32F4xx_HAL_Driver\Src\stm32f4xx_hal_flash_ex.c 0x00000000   Number         0  stm32f4xx_hal_flash_ex.o ABSOLUTE
    ..\Drivers\STM32F4xx_HAL_Driver\Src\stm32f4xx_hal_flash_ramfunc.c 0x00000000   Number         0  stm32f4xx_hal_flash_ramfunc.o ABSOLUTE
    ..\Drivers\STM32F4xx_HAL_Driver\Src\stm32f4xx_hal_gpio.c 0x00000000   Number         0  stm32f4xx_hal_gpio.o ABSOLUTE
    ..\Drivers\STM32F4xx_HAL_Driver\Src\stm32f4xx_hal_i2c.c 0x00000000   Number         0  stm32f4xx_hal_i2c.o ABSOLUTE
    ..\Drivers\STM32F4xx_HAL_Driver\Src\stm32f4xx_hal_i2c_ex.c 0x00000000   Number         0  stm32f4xx_hal_i2c_ex.o ABSOLUTE
    ..\Drivers\STM32F4xx_HAL_Driver\Src\stm32f4xx_hal_pwr.c 0x00000000   Number         0  stm32f4xx_hal_pwr.o ABSOLUTE
    ..\Drivers\STM32F4xx_HAL_Driver\Src\stm32f4xx_hal_pwr_ex.c 0x00000000   Number         0  stm32f4xx_hal_pwr_ex.o ABSOLUTE
    ..\Drivers\STM32F4xx_HAL_Driver\Src\stm32f4xx_hal_rcc.c 0x00000000   Number         0  stm32f4xx_hal_rcc.o ABSOLUTE
    ..\Drivers\STM32F4xx_HAL_Driver\Src\stm32f4xx_hal_rcc_ex.c 0x00000000   Number         0  stm32f4xx_hal_rcc_ex.o ABSOLUTE
    ..\Drivers\STM32F4xx_HAL_Driver\Src\stm32f4xx_hal_spi.c 0x00000000   Number         0  stm32f4xx_hal_spi.o ABSOLUTE
    ..\Drivers\STM32F4xx_HAL_Driver\Src\stm32f4xx_hal_uart.c 0x00000000   Number         0  stm32f4xx_hal_uart.o ABSOLUTE
    ..\\Core\\Src\\CANSPI.c                  0x00000000   Number         0  canspi.o ABSOLUTE
    ..\\Core\\Src\\MCP2515.c                 0x00000000   Number         0  mcp2515.o ABSOLUTE
    dc.s                                     0x00000000   Number         0  dc.o ABSOLUTE
    startup_stm32f411xe.s                    0x00000000   Number         0  startup_stm32f411xe.o ABSOLUTE
    RESET                                    0x08000000   Section      408  startup_stm32f411xe.o(RESET)
    !!!main                                  0x08000198   Section        8  __main.o(!!!main)
    !!!scatter                               0x080001a0   Section       52  __scatter.o(!!!scatter)
    !!handler_copy                           0x080001d4   Section       26  __scatter_copy.o(!!handler_copy)
    !!handler_zi                             0x080001f0   Section       28  __scatter_zi.o(!!handler_zi)
    .ARM.Collect$$libinit$$00000000          0x0800020c   Section        2  libinit.o(.ARM.Collect$$libinit$$00000000)
    .ARM.Collect$$libinit$$00000001          0x0800020e   Section        4  libinit2.o(.ARM.Collect$$libinit$$00000001)
    .ARM.Collect$$libinit$$00000004          0x08000212   Section        0  libinit2.o(.ARM.Collect$$libinit$$00000004)
    .ARM.Collect$$libinit$$0000000A          0x08000212   Section        0  libinit2.o(.ARM.Collect$$libinit$$0000000A)
    .ARM.Collect$$libinit$$0000000C          0x08000212   Section        0  libinit2.o(.ARM.Collect$$libinit$$0000000C)
    .ARM.Collect$$libinit$$0000000E          0x08000212   Section        0  libinit2.o(.ARM.Collect$$libinit$$0000000E)
    .ARM.Collect$$libinit$$00000011          0x08000212   Section        0  libinit2.o(.ARM.Collect$$libinit$$00000011)
    .ARM.Collect$$libinit$$00000013          0x08000212   Section        0  libinit2.o(.ARM.Collect$$libinit$$00000013)
    .ARM.Collect$$libinit$$00000015          0x08000212   Section        0  libinit2.o(.ARM.Collect$$libinit$$00000015)
    .ARM.Collect$$libinit$$00000017          0x08000212   Section        0  libinit2.o(.ARM.Collect$$libinit$$00000017)
    .ARM.Collect$$libinit$$00000019          0x08000212   Section        0  libinit2.o(.ARM.Collect$$libinit$$00000019)
    .ARM.Collect$$libinit$$0000001B          0x08000212   Section        0  libinit2.o(.ARM.Collect$$libinit$$0000001B)
    .ARM.Collect$$libinit$$0000001D          0x08000212   Section        0  libinit2.o(.ARM.Collect$$libinit$$0000001D)
    .ARM.Collect$$libinit$$0000001F          0x08000212   Section        0  libinit2.o(.ARM.Collect$$libinit$$0000001F)
    .ARM.Collect$$libinit$$00000021          0x08000212   Section        0  libinit2.o(.ARM.Collect$$libinit$$00000021)
    .ARM.Collect$$libinit$$00000023          0x08000212   Section        0  libinit2.o(.ARM.Collect$$libinit$$00000023)
    .ARM.Collect$$libinit$$00000025          0x08000212   Section        0  libinit2.o(.ARM.Collect$$libinit$$00000025)
    .ARM.Collect$$libinit$$0000002C          0x08000212   Section        0  libinit2.o(.ARM.Collect$$libinit$$0000002C)
    .ARM.Collect$$libinit$$0000002E          0x08000212   Section        0  libinit2.o(.ARM.Collect$$libinit$$0000002E)
    .ARM.Collect$$libinit$$00000030          0x08000212   Section        0  libinit2.o(.ARM.Collect$$libinit$$00000030)
    .ARM.Collect$$libinit$$00000032          0x08000212   Section        0  libinit2.o(.ARM.Collect$$libinit$$00000032)
    .ARM.Collect$$libinit$$00000033          0x08000212   Section        2  libinit2.o(.ARM.Collect$$libinit$$00000033)
    .ARM.Collect$$libshutdown$$00000000      0x08000214   Section        2  libshutdown.o(.ARM.Collect$$libshutdown$$00000000)
    .ARM.Collect$$libshutdown$$00000002      0x08000216   Section        0  libshutdown2.o(.ARM.Collect$$libshutdown$$00000002)
    .ARM.Collect$$libshutdown$$00000004      0x08000216   Section        0  libshutdown2.o(.ARM.Collect$$libshutdown$$00000004)
    .ARM.Collect$$libshutdown$$00000006      0x08000216   Section        0  libshutdown2.o(.ARM.Collect$$libshutdown$$00000006)
    .ARM.Collect$$libshutdown$$00000009      0x08000216   Section        0  libshutdown2.o(.ARM.Collect$$libshutdown$$00000009)
    .ARM.Collect$$libshutdown$$0000000C      0x08000216   Section        0  libshutdown2.o(.ARM.Collect$$libshutdown$$0000000C)
    .ARM.Collect$$libshutdown$$0000000E      0x08000216   Section        0  libshutdown2.o(.ARM.Collect$$libshutdown$$0000000E)
    .ARM.Collect$$libshutdown$$00000011      0x08000216   Section        0  libshutdown2.o(.ARM.Collect$$libshutdown$$00000011)
    .ARM.Collect$$libshutdown$$00000012      0x08000216   Section        2  libshutdown2.o(.ARM.Collect$$libshutdown$$00000012)
    .ARM.Collect$$rtentry$$00000000          0x08000218   Section        0  __rtentry.o(.ARM.Collect$$rtentry$$00000000)
    .ARM.Collect$$rtentry$$00000002          0x08000218   Section        0  __rtentry2.o(.ARM.Collect$$rtentry$$00000002)
    .ARM.Collect$$rtentry$$00000004          0x08000218   Section        6  __rtentry4.o(.ARM.Collect$$rtentry$$00000004)
    .ARM.Collect$$rtentry$$00000009          0x0800021e   Section        0  __rtentry2.o(.ARM.Collect$$rtentry$$00000009)
    .ARM.Collect$$rtentry$$0000000A          0x0800021e   Section        4  __rtentry2.o(.ARM.Collect$$rtentry$$0000000A)
    .ARM.Collect$$rtentry$$0000000C          0x08000222   Section        0  __rtentry2.o(.ARM.Collect$$rtentry$$0000000C)
    .ARM.Collect$$rtentry$$0000000D          0x08000222   Section        8  __rtentry2.o(.ARM.Collect$$rtentry$$0000000D)
    .ARM.Collect$$rtexit$$00000000           0x0800022a   Section        2  rtexit.o(.ARM.Collect$$rtexit$$00000000)
    .ARM.Collect$$rtexit$$00000002           0x0800022c   Section        0  rtexit2.o(.ARM.Collect$$rtexit$$00000002)
    .ARM.Collect$$rtexit$$00000003           0x0800022c   Section        4  rtexit2.o(.ARM.Collect$$rtexit$$00000003)
    .ARM.Collect$$rtexit$$00000004           0x08000230   Section        6  rtexit2.o(.ARM.Collect$$rtexit$$00000004)
    .text                                    0x08000238   Section       64  startup_stm32f411xe.o(.text)
    $v0                                      0x08000238   Number         0  startup_stm32f411xe.o(.text)
    .text                                    0x08000278   Section      238  lludivv7m.o(.text)
    .text                                    0x08000366   Section      138  rt_memcpy_v6.o(.text)
    .text                                    0x080003f0   Section       78  rt_memclr_w.o(.text)
    .text                                    0x0800043e   Section        0  heapauxi.o(.text)
    .text                                    0x08000444   Section      100  rt_memcpy_w.o(.text)
    .text                                    0x080004a8   Section       74  sys_stackheap_outer.o(.text)
    .text                                    0x080004f2   Section        0  exit.o(.text)
    .text                                    0x08000504   Section        8  libspace.o(.text)
    .text                                    0x0800050c   Section        0  sys_exit.o(.text)
    .text                                    0x08000518   Section        2  use_no_semi.o(.text)
    .text                                    0x0800051a   Section        0  indicate_semi.o(.text)
    i.BusFault_Handler                       0x0800051a   Section        0  stm32f4xx_it.o(i.BusFault_Handler)
    i.CANSPI_Initialize                      0x0800051c   Section        0  canspi.o(i.CANSPI_Initialize)
    i.CANSPI_Receive                         0x080005e6   Section        0  canspi.o(i.CANSPI_Receive)
    i.CANSPI_Transmit                        0x080006b4   Section        0  canspi.o(i.CANSPI_Transmit)
    i.DMA1_Stream5_IRQHandler                0x0800073c   Section        0  stm32f4xx_it.o(i.DMA1_Stream5_IRQHandler)
    i.DMA1_Stream6_IRQHandler                0x08000748   Section        0  stm32f4xx_it.o(i.DMA1_Stream6_IRQHandler)
    i.DMA2_Stream1_IRQHandler                0x08000754   Section        0  stm32f4xx_it.o(i.DMA2_Stream1_IRQHandler)
    i.DMA2_Stream6_IRQHandler                0x08000760   Section        0  stm32f4xx_it.o(i.DMA2_Stream6_IRQHandler)
    i.DMA_CalcBaseAndBitshift                0x0800076c   Section        0  stm32f4xx_hal_dma.o(i.DMA_CalcBaseAndBitshift)
    DMA_CalcBaseAndBitshift                  0x0800076d   Thumb Code    34  stm32f4xx_hal_dma.o(i.DMA_CalcBaseAndBitshift)
    i.DMA_CheckFifoParam                     0x08000794   Section        0  stm32f4xx_hal_dma.o(i.DMA_CheckFifoParam)
    DMA_CheckFifoParam                       0x08000795   Thumb Code    84  stm32f4xx_hal_dma.o(i.DMA_CheckFifoParam)
    i.DMA_SetConfig                          0x080007e8   Section        0  stm32f4xx_hal_dma.o(i.DMA_SetConfig)
    DMA_SetConfig                            0x080007e9   Thumb Code    40  stm32f4xx_hal_dma.o(i.DMA_SetConfig)
    i.DebugMon_Handler                       0x08000810   Section        0  stm32f4xx_it.o(i.DebugMon_Handler)
    i.Error_Handler                          0x08000812   Section        0  main.o(i.Error_Handler)
    i.HAL_DMA_Abort                          0x08000816   Section        0  stm32f4xx_hal_dma.o(i.HAL_DMA_Abort)
    i.HAL_DMA_Abort_IT                       0x080008a8   Section        0  stm32f4xx_hal_dma.o(i.HAL_DMA_Abort_IT)
    i.HAL_DMA_IRQHandler                     0x080008cc   Section        0  stm32f4xx_hal_dma.o(i.HAL_DMA_IRQHandler)
    i.HAL_DMA_Init                           0x08000a6c   Section        0  stm32f4xx_hal_dma.o(i.HAL_DMA_Init)
    i.HAL_DMA_Start_IT                       0x08000b40   Section        0  stm32f4xx_hal_dma.o(i.HAL_DMA_Start_IT)
    i.HAL_Delay                              0x08000bb0   Section        0  stm32f4xx_hal.o(i.HAL_Delay)
    i.HAL_GPIO_Init                          0x08000bd4   Section        0  stm32f4xx_hal_gpio.o(i.HAL_GPIO_Init)
    i.HAL_GPIO_WritePin                      0x08000db4   Section        0  stm32f4xx_hal_gpio.o(i.HAL_GPIO_WritePin)
    i.HAL_GetTick                            0x08000dc0   Section        0  stm32f4xx_hal.o(i.HAL_GetTick)
    i.HAL_I2C_Init                           0x08000dcc   Section        0  stm32f4xx_hal_i2c.o(i.HAL_I2C_Init)
    i.HAL_I2C_MspInit                        0x08000f54   Section        0  i2c.o(i.HAL_I2C_MspInit)
    i.HAL_IncTick                            0x08000fbc   Section        0  stm32f4xx_hal.o(i.HAL_IncTick)
    i.HAL_Init                               0x08000fcc   Section        0  stm32f4xx_hal.o(i.HAL_Init)
    i.HAL_InitTick                           0x08001000   Section        0  stm32f4xx_hal.o(i.HAL_InitTick)
    i.HAL_MspInit                            0x08001040   Section        0  stm32f4xx_hal_msp.o(i.HAL_MspInit)
    i.HAL_NVIC_EnableIRQ                     0x08001070   Section        0  stm32f4xx_hal_cortex.o(i.HAL_NVIC_EnableIRQ)
    i.HAL_NVIC_SetPriority                   0x0800108c   Section        0  stm32f4xx_hal_cortex.o(i.HAL_NVIC_SetPriority)
    i.HAL_NVIC_SetPriorityGrouping           0x080010cc   Section        0  stm32f4xx_hal_cortex.o(i.HAL_NVIC_SetPriorityGrouping)
    i.HAL_RCC_ClockConfig                    0x080010f0   Section        0  stm32f4xx_hal_rcc.o(i.HAL_RCC_ClockConfig)
    i.HAL_RCC_GetPCLK1Freq                   0x08001224   Section        0  stm32f4xx_hal_rcc.o(i.HAL_RCC_GetPCLK1Freq)
    i.HAL_RCC_GetPCLK2Freq                   0x08001244   Section        0  stm32f4xx_hal_rcc.o(i.HAL_RCC_GetPCLK2Freq)
    i.HAL_RCC_GetSysClockFreq                0x08001264   Section        0  stm32f4xx_hal_rcc.o(i.HAL_RCC_GetSysClockFreq)
    i.HAL_RCC_OscConfig                      0x080012c8   Section        0  stm32f4xx_hal_rcc.o(i.HAL_RCC_OscConfig)
    i.HAL_SPI_ErrorCallback                  0x08001634   Section        0  stm32f4xx_hal_spi.o(i.HAL_SPI_ErrorCallback)
    i.HAL_SPI_GetState                       0x08001636   Section        0  stm32f4xx_hal_spi.o(i.HAL_SPI_GetState)
    i.HAL_SPI_IRQHandler                     0x0800163c   Section        0  stm32f4xx_hal_spi.o(i.HAL_SPI_IRQHandler)
    i.HAL_SPI_Init                           0x08001738   Section        0  stm32f4xx_hal_spi.o(i.HAL_SPI_Init)
    i.HAL_SPI_MspInit                        0x080017f4   Section        0  spi.o(i.HAL_SPI_MspInit)
    i.HAL_SPI_Receive                        0x080018b8   Section        0  stm32f4xx_hal_spi.o(i.HAL_SPI_Receive)
    i.HAL_SPI_Receive_IT                     0x08001a0c   Section        0  stm32f4xx_hal_spi.o(i.HAL_SPI_Receive_IT)
    i.HAL_SPI_RxCpltCallback                 0x08001ab4   Section        0  main.o(i.HAL_SPI_RxCpltCallback)
    i.HAL_SPI_Transmit                       0x08001b2c   Section        0  stm32f4xx_hal_spi.o(i.HAL_SPI_Transmit)
    i.HAL_SPI_TransmitReceive                0x08001c92   Section        0  stm32f4xx_hal_spi.o(i.HAL_SPI_TransmitReceive)
    i.HAL_SPI_TransmitReceive_IT             0x08001e84   Section        0  stm32f4xx_hal_spi.o(i.HAL_SPI_TransmitReceive_IT)
    i.HAL_SPI_TxRxCpltCallback               0x08001f20   Section        0  stm32f4xx_hal_spi.o(i.HAL_SPI_TxRxCpltCallback)
    i.HAL_SYSTICK_Config                     0x08001f22   Section        0  stm32f4xx_hal_cortex.o(i.HAL_SYSTICK_Config)
    i.HAL_UARTEx_RxEventCallback             0x08001f4a   Section        0  stm32f4xx_hal_uart.o(i.HAL_UARTEx_RxEventCallback)
    i.HAL_UART_ErrorCallback                 0x08001f4c   Section        0  stm32f4xx_hal_uart.o(i.HAL_UART_ErrorCallback)
    i.HAL_UART_IRQHandler                    0x08001f50   Section        0  stm32f4xx_hal_uart.o(i.HAL_UART_IRQHandler)
    i.HAL_UART_Init                          0x080021c0   Section        0  stm32f4xx_hal_uart.o(i.HAL_UART_Init)
    i.HAL_UART_MspInit                       0x08002224   Section        0  usart.o(i.HAL_UART_MspInit)
    i.HAL_UART_Receive_DMA                   0x08002410   Section        0  stm32f4xx_hal_uart.o(i.HAL_UART_Receive_DMA)
    i.HAL_UART_Receive_IT                    0x0800242c   Section        0  stm32f4xx_hal_uart.o(i.HAL_UART_Receive_IT)
    i.HAL_UART_RxCpltCallback                0x08002448   Section        0  main.o(i.HAL_UART_RxCpltCallback)
    i.HAL_UART_RxHalfCpltCallback            0x08002530   Section        0  stm32f4xx_hal_uart.o(i.HAL_UART_RxHalfCpltCallback)
    i.HAL_UART_TxCpltCallback                0x08002532   Section        0  stm32f4xx_hal_uart.o(i.HAL_UART_TxCpltCallback)
    i.HardFault_Handler                      0x08002534   Section        0  stm32f4xx_it.o(i.HardFault_Handler)
    i.MCP2515_GetRxStatus                    0x08002538   Section        0  mcp2515.o(i.MCP2515_GetRxStatus)
    i.MCP2515_Initialize                     0x08002564   Section        0  mcp2515.o(i.MCP2515_Initialize)
    i.MCP2515_LoadTxSequence                 0x08002590   Section        0  mcp2515.o(i.MCP2515_LoadTxSequence)
    i.MCP2515_ReadByte                       0x080025d8   Section        0  mcp2515.o(i.MCP2515_ReadByte)
    i.MCP2515_ReadRxSequence                 0x0800260c   Section        0  mcp2515.o(i.MCP2515_ReadRxSequence)
    i.MCP2515_ReadStatus                     0x0800264c   Section        0  mcp2515.o(i.MCP2515_ReadStatus)
    i.MCP2515_RequestToSend                  0x08002678   Section        0  mcp2515.o(i.MCP2515_RequestToSend)
    i.MCP2515_SetConfigMode                  0x080026a0   Section        0  mcp2515.o(i.MCP2515_SetConfigMode)
    i.MCP2515_SetNormalMode                  0x080026ca   Section        0  mcp2515.o(i.MCP2515_SetNormalMode)
    i.MCP2515_WriteByte                      0x080026f0   Section        0  mcp2515.o(i.MCP2515_WriteByte)
    i.MCP2515_WriteByteSequence              0x08002728   Section        0  mcp2515.o(i.MCP2515_WriteByteSequence)
    i.MX_DMA_Init                            0x08002768   Section        0  dma.o(i.MX_DMA_Init)
    i.MX_GPIO_Init                           0x080027d4   Section        0  gpio.o(i.MX_GPIO_Init)
    i.MX_I2C1_Init                           0x0800286c   Section        0  i2c.o(i.MX_I2C1_Init)
    i.MX_SPI1_Init                           0x080028ac   Section        0  spi.o(i.MX_SPI1_Init)
    i.MX_SPI2_Init                           0x080028f4   Section        0  spi.o(i.MX_SPI2_Init)
    i.MX_USART1_UART_Init                    0x0800293c   Section        0  usart.o(i.MX_USART1_UART_Init)
    i.MX_USART2_UART_Init                    0x08002974   Section        0  usart.o(i.MX_USART2_UART_Init)
    i.MX_USART6_UART_Init                    0x080029b0   Section        0  usart.o(i.MX_USART6_UART_Init)
    i.MemManage_Handler                      0x080029e8   Section        0  stm32f4xx_it.o(i.MemManage_Handler)
    i.NMI_Handler                            0x080029ea   Section        0  stm32f4xx_it.o(i.NMI_Handler)
    i.PendSV_Handler                         0x080029ec   Section        0  stm32f4xx_it.o(i.PendSV_Handler)
    i.SPI2_IRQHandler                        0x080029f0   Section        0  stm32f4xx_it.o(i.SPI2_IRQHandler)
    i.SPI_2linesRxISR_16BIT                  0x080029fc   Section        0  stm32f4xx_hal_spi.o(i.SPI_2linesRxISR_16BIT)
    SPI_2linesRxISR_16BIT                    0x080029fd   Thumb Code    48  stm32f4xx_hal_spi.o(i.SPI_2linesRxISR_16BIT)
    i.SPI_2linesRxISR_8BIT                   0x08002a2c   Section        0  stm32f4xx_hal_spi.o(i.SPI_2linesRxISR_8BIT)
    SPI_2linesRxISR_8BIT                     0x08002a2d   Thumb Code    48  stm32f4xx_hal_spi.o(i.SPI_2linesRxISR_8BIT)
    i.SPI_2linesTxISR_16BIT                  0x08002a5c   Section        0  stm32f4xx_hal_spi.o(i.SPI_2linesTxISR_16BIT)
    SPI_2linesTxISR_16BIT                    0x08002a5d   Thumb Code    48  stm32f4xx_hal_spi.o(i.SPI_2linesTxISR_16BIT)
    i.SPI_2linesTxISR_8BIT                   0x08002a8c   Section        0  stm32f4xx_hal_spi.o(i.SPI_2linesTxISR_8BIT)
    SPI_2linesTxISR_8BIT                     0x08002a8d   Thumb Code    48  stm32f4xx_hal_spi.o(i.SPI_2linesTxISR_8BIT)
    i.SPI_CloseRxTx_ISR                      0x08002abc   Section        0  stm32f4xx_hal_spi.o(i.SPI_CloseRxTx_ISR)
    SPI_CloseRxTx_ISR                        0x08002abd   Thumb Code   140  stm32f4xx_hal_spi.o(i.SPI_CloseRxTx_ISR)
    i.SPI_CloseRx_ISR                        0x08002b4c   Section        0  stm32f4xx_hal_spi.o(i.SPI_CloseRx_ISR)
    SPI_CloseRx_ISR                          0x08002b4d   Thumb Code    76  stm32f4xx_hal_spi.o(i.SPI_CloseRx_ISR)
    i.SPI_DMAAbortOnError                    0x08002b98   Section        0  stm32f4xx_hal_spi.o(i.SPI_DMAAbortOnError)
    SPI_DMAAbortOnError                      0x08002b99   Thumb Code    16  stm32f4xx_hal_spi.o(i.SPI_DMAAbortOnError)
    i.SPI_EndRxTransaction                   0x08002ba8   Section        0  stm32f4xx_hal_spi.o(i.SPI_EndRxTransaction)
    SPI_EndRxTransaction                     0x08002ba9   Thumb Code    92  stm32f4xx_hal_spi.o(i.SPI_EndRxTransaction)
    i.SPI_EndRxTxTransaction                 0x08002c04   Section        0  stm32f4xx_hal_spi.o(i.SPI_EndRxTxTransaction)
    SPI_EndRxTxTransaction                   0x08002c05   Thumb Code    98  stm32f4xx_hal_spi.o(i.SPI_EndRxTxTransaction)
    i.SPI_Rx                                 0x08002c70   Section        0  mcp2515.o(i.SPI_Rx)
    SPI_Rx                                   0x08002c71   Thumb Code    20  mcp2515.o(i.SPI_Rx)
    i.SPI_RxISR_16BIT                        0x08002c88   Section        0  stm32f4xx_hal_spi.o(i.SPI_RxISR_16BIT)
    SPI_RxISR_16BIT                          0x08002c89   Thumb Code    32  stm32f4xx_hal_spi.o(i.SPI_RxISR_16BIT)
    i.SPI_RxISR_8BIT                         0x08002ca8   Section        0  stm32f4xx_hal_spi.o(i.SPI_RxISR_8BIT)
    SPI_RxISR_8BIT                           0x08002ca9   Thumb Code    32  stm32f4xx_hal_spi.o(i.SPI_RxISR_8BIT)
    i.SPI_Tx                                 0x08002cc8   Section        0  mcp2515.o(i.SPI_Tx)
    SPI_Tx                                   0x08002cc9   Thumb Code    16  mcp2515.o(i.SPI_Tx)
    i.SPI_TxBuffer                           0x08002cdc   Section        0  mcp2515.o(i.SPI_TxBuffer)
    SPI_TxBuffer                             0x08002cdd   Thumb Code    12  mcp2515.o(i.SPI_TxBuffer)
    i.SPI_WaitFlagStateUntilTimeout          0x08002cec   Section        0  stm32f4xx_hal_spi.o(i.SPI_WaitFlagStateUntilTimeout)
    SPI_WaitFlagStateUntilTimeout            0x08002ced   Thumb Code   180  stm32f4xx_hal_spi.o(i.SPI_WaitFlagStateUntilTimeout)
    i.SVC_Handler                            0x08002da4   Section        0  stm32f4xx_it.o(i.SVC_Handler)
    i.SetAngle                               0x08002da8   Section        0  main.o(i.SetAngle)
    i.SysTick_Handler                        0x08002e08   Section        0  stm32f4xx_it.o(i.SysTick_Handler)
    i.SystemClock_Config                     0x08002e0c   Section        0  main.o(i.SystemClock_Config)
    i.SystemInit                             0x08002e9c   Section        0  system_stm32f4xx.o(i.SystemInit)
    i.UART_DMAAbortOnError                   0x08002eac   Section        0  stm32f4xx_hal_uart.o(i.UART_DMAAbortOnError)
    UART_DMAAbortOnError                     0x08002ead   Thumb Code    16  stm32f4xx_hal_uart.o(i.UART_DMAAbortOnError)
    i.UART_DMAError                          0x08002ebc   Section        0  stm32f4xx_hal_uart.o(i.UART_DMAError)
    UART_DMAError                            0x08002ebd   Thumb Code    74  stm32f4xx_hal_uart.o(i.UART_DMAError)
    i.UART_DMAReceiveCplt                    0x08002f06   Section        0  stm32f4xx_hal_uart.o(i.UART_DMAReceiveCplt)
    UART_DMAReceiveCplt                      0x08002f07   Thumb Code   134  stm32f4xx_hal_uart.o(i.UART_DMAReceiveCplt)
    i.UART_DMARxHalfCplt                     0x08002f8c   Section        0  stm32f4xx_hal_uart.o(i.UART_DMARxHalfCplt)
    UART_DMARxHalfCplt                       0x08002f8d   Thumb Code    30  stm32f4xx_hal_uart.o(i.UART_DMARxHalfCplt)
    i.UART_EndRxTransfer                     0x08002faa   Section        0  stm32f4xx_hal_uart.o(i.UART_EndRxTransfer)
    UART_EndRxTransfer                       0x08002fab   Thumb Code    78  stm32f4xx_hal_uart.o(i.UART_EndRxTransfer)
    i.UART_EndTxTransfer                     0x08002ff8   Section        0  stm32f4xx_hal_uart.o(i.UART_EndTxTransfer)
    UART_EndTxTransfer                       0x08002ff9   Thumb Code    28  stm32f4xx_hal_uart.o(i.UART_EndTxTransfer)
    i.UART_Receive_IT                        0x08003014   Section        0  stm32f4xx_hal_uart.o(i.UART_Receive_IT)
    UART_Receive_IT                          0x08003015   Thumb Code   194  stm32f4xx_hal_uart.o(i.UART_Receive_IT)
    i.UART_SetConfig                         0x080030d8   Section        0  stm32f4xx_hal_uart.o(i.UART_SetConfig)
    UART_SetConfig                           0x080030d9   Thumb Code   258  stm32f4xx_hal_uart.o(i.UART_SetConfig)
    i.UART_Start_Receive_DMA                 0x080031e4   Section        0  stm32f4xx_hal_uart.o(i.UART_Start_Receive_DMA)
    i.UART_Start_Receive_IT                  0x08003274   Section        0  stm32f4xx_hal_uart.o(i.UART_Start_Receive_IT)
    i.USART1_IRQHandler                      0x080032ac   Section        0  stm32f4xx_it.o(i.USART1_IRQHandler)
    i.USART2_IRQHandler                      0x080032b8   Section        0  stm32f4xx_it.o(i.USART2_IRQHandler)
    i.USART6_IRQHandler                      0x080032c4   Section        0  stm32f4xx_it.o(i.USART6_IRQHandler)
    i.UsageFault_Handler                     0x080032d0   Section        0  stm32f4xx_it.o(i.UsageFault_Handler)
    i.__NVIC_SetPriority                     0x080032d2   Section        0  stm32f4xx_hal_cortex.o(i.__NVIC_SetPriority)
    __NVIC_SetPriority                       0x080032d3   Thumb Code    32  stm32f4xx_hal_cortex.o(i.__NVIC_SetPriority)
    i.convertCANid2Reg                       0x080032f2   Section        0  canspi.o(i.convertCANid2Reg)
    convertCANid2Reg                         0x080032f3   Thumb Code    52  canspi.o(i.convertCANid2Reg)
    i.main                                   0x08003328   Section        0  main.o(i.main)
    i.unpack_hid                             0x080034b8   Section        0  main.o(i.unpack_hid)
    i.unpack_lrs                             0x080034e4   Section        0  main.o(i.unpack_lrs)
    x$fpl$dadd                               0x08003534   Section      336  daddsub_clz.o(x$fpl$dadd)
    $v0                                      0x08003534   Number         0  daddsub_clz.o(x$fpl$dadd)
    _dadd1                                   0x08003545   Thumb Code     0  daddsub_clz.o(x$fpl$dadd)
    x$fpl$dfix                               0x08003684   Section       94  dfix.o(x$fpl$dfix)
    $v0                                      0x08003684   Number         0  dfix.o(x$fpl$dfix)
    x$fpl$dflt                               0x080036e2   Section       46  dflt_clz.o(x$fpl$dflt)
    $v0                                      0x080036e2   Number         0  dflt_clz.o(x$fpl$dflt)
    x$fpl$dfltu                              0x08003710   Section       38  dflt_clz.o(x$fpl$dfltu)
    $v0                                      0x08003710   Number         0  dflt_clz.o(x$fpl$dfltu)
    x$fpl$dmul                               0x08003738   Section      340  dmul.o(x$fpl$dmul)
    $v0                                      0x08003738   Number         0  dmul.o(x$fpl$dmul)
    x$fpl$dnaninf                            0x0800388c   Section      156  dnaninf.o(x$fpl$dnaninf)
    $v0                                      0x0800388c   Number         0  dnaninf.o(x$fpl$dnaninf)
    x$fpl$dretinf                            0x08003928   Section       12  dretinf.o(x$fpl$dretinf)
    $v0                                      0x08003928   Number         0  dretinf.o(x$fpl$dretinf)
    x$fpl$dsub                               0x08003934   Section      468  daddsub_clz.o(x$fpl$dsub)
    $v0                                      0x08003934   Number         0  daddsub_clz.o(x$fpl$dsub)
    _dsub1                                   0x08003945   Thumb Code     0  daddsub_clz.o(x$fpl$dsub)
    x$fpl$fpinit                             0x08003b08   Section       10  fpinit.o(x$fpl$fpinit)
    $v0                                      0x08003b08   Number         0  fpinit.o(x$fpl$fpinit)
    .constdata                               0x08003b12   Section        8  stm32f4xx_hal_dma.o(.constdata)
    x$fpl$usenofp                            0x08003b12   Section        0  usenofp.o(x$fpl$usenofp)
    flagBitshiftOffset                       0x08003b12   Data           8  stm32f4xx_hal_dma.o(.constdata)
    .constdata                               0x08003b1a   Section       16  system_stm32f4xx.o(.constdata)
    .constdata                               0x08003b2a   Section        8  system_stm32f4xx.o(.constdata)
    .data                                    0x20000000   Section       12  canspi.o(.data)
    .data                                    0x2000000c   Section       12  main.o(.data)
    .data                                    0x20000018   Section       12  stm32f4xx_hal.o(.data)
    .data                                    0x20000024   Section        4  system_stm32f4xx.o(.data)
    .bss                                     0x20000028   Section      504  main.o(.bss)
    .bss                                     0x20000220   Section       84  i2c.o(.bss)
    .bss                                     0x20000274   Section      176  spi.o(.bss)
    .bss                                     0x20000324   Section      600  usart.o(.bss)
    .bss                                     0x2000057c   Section       96  libspace.o(.bss)
    HEAP                                     0x200005e0   Section      512  startup_stm32f411xe.o(HEAP)
    Heap_Mem                                 0x200005e0   Data         512  startup_stm32f411xe.o(HEAP)
    STACK                                    0x200007e0   Section     1024  startup_stm32f411xe.o(STACK)
    Stack_Mem                                0x200007e0   Data        1024  startup_stm32f411xe.o(STACK)
    __initial_sp                             0x20000be0   Data           0  startup_stm32f411xe.o(STACK)

    Global Symbols

    Symbol Name                              Value     Ov Type        Size  Object(Section)

    BuildAttributes$$THM_ISAv4$E$P$D$K$B$S$7EM$VFPi3$EXTD16$VFPS$VFMA$PE$A:L22UL41UL21$X:L11$S22US41US21$IEEE1$IW$USESV6$~STKCKD$USESV7$~SHL$OSPACE$ROPI$EBA8$UX$STANDARDLIB$REQ8$PRES8$EABIv2 0x00000000   Number         0  anon$$obj.o ABSOLUTE
    __ARM_use_no_argv                        0x00000000   Number         0  main.o ABSOLUTE
    __ARM_exceptions_init                     - Undefined Weak Reference
    __alloca_initialize                       - Undefined Weak Reference
    __arm_fini_                               - Undefined Weak Reference
    __arm_preinit_                            - Undefined Weak Reference
    __cpp_initialize__aeabi_                  - Undefined Weak Reference
    __cxa_finalize                            - Undefined Weak Reference
    __rt_locale                               - Undefined Weak Reference
    __sigvec_lookup                           - Undefined Weak Reference
    _atexit_init                              - Undefined Weak Reference
    _call_atexit_fns                          - Undefined Weak Reference
    _clock_init                               - Undefined Weak Reference
    _fp_trap_init                             - Undefined Weak Reference
    _fp_trap_shutdown                         - Undefined Weak Reference
    _get_lc_collate                           - Undefined Weak Reference
    _get_lc_ctype                             - Undefined Weak Reference
    _get_lc_monetary                          - Undefined Weak Reference
    _get_lc_numeric                           - Undefined Weak Reference
    _get_lc_time                              - Undefined Weak Reference
    _getenv_init                              - Undefined Weak Reference
    _handle_redirection                       - Undefined Weak Reference
    _init_alloc                               - Undefined Weak Reference
    _init_user_alloc                          - Undefined Weak Reference
    _initio                                   - Undefined Weak Reference
    _rand_init                                - Undefined Weak Reference
    _signal_finish                            - Undefined Weak Reference
    _signal_init                              - Undefined Weak Reference
    _terminate_alloc                          - Undefined Weak Reference
    _terminate_user_alloc                     - Undefined Weak Reference
    _terminateio                              - Undefined Weak Reference
    __Vectors_Size                           0x00000198   Number         0  startup_stm32f411xe.o ABSOLUTE
    __Vectors                                0x08000000   Data           4  startup_stm32f411xe.o(RESET)
    __Vectors_End                            0x08000198   Data           0  startup_stm32f411xe.o(RESET)
    __main                                   0x08000199   Thumb Code     8  __main.o(!!!main)
    __scatterload                            0x080001a1   Thumb Code     0  __scatter.o(!!!scatter)
    __scatterload_rt2                        0x080001a1   Thumb Code    44  __scatter.o(!!!scatter)
    __scatterload_rt2_thumb_only             0x080001a1   Thumb Code     0  __scatter.o(!!!scatter)
    __scatterload_null                       0x080001af   Thumb Code     0  __scatter.o(!!!scatter)
    __scatterload_copy                       0x080001d5   Thumb Code    26  __scatter_copy.o(!!handler_copy)
    __scatterload_zeroinit                   0x080001f1   Thumb Code    28  __scatter_zi.o(!!handler_zi)
    __rt_lib_init                            0x0800020d   Thumb Code     0  libinit.o(.ARM.Collect$$libinit$$00000000)
    __rt_lib_init_fp_1                       0x0800020f   Thumb Code     0  libinit2.o(.ARM.Collect$$libinit$$00000001)
    __rt_lib_init_alloca_1                   0x08000213   Thumb Code     0  libinit2.o(.ARM.Collect$$libinit$$0000002E)
    __rt_lib_init_argv_1                     0x08000213   Thumb Code     0  libinit2.o(.ARM.Collect$$libinit$$0000002C)
    __rt_lib_init_atexit_1                   0x08000213   Thumb Code     0  libinit2.o(.ARM.Collect$$libinit$$0000001B)
    __rt_lib_init_clock_1                    0x08000213   Thumb Code     0  libinit2.o(.ARM.Collect$$libinit$$00000021)
    __rt_lib_init_cpp_1                      0x08000213   Thumb Code     0  libinit2.o(.ARM.Collect$$libinit$$00000032)
    __rt_lib_init_exceptions_1               0x08000213   Thumb Code     0  libinit2.o(.ARM.Collect$$libinit$$00000030)
    __rt_lib_init_fp_trap_1                  0x08000213   Thumb Code     0  libinit2.o(.ARM.Collect$$libinit$$0000001F)
    __rt_lib_init_getenv_1                   0x08000213   Thumb Code     0  libinit2.o(.ARM.Collect$$libinit$$00000023)
    __rt_lib_init_heap_1                     0x08000213   Thumb Code     0  libinit2.o(.ARM.Collect$$libinit$$0000000A)
    __rt_lib_init_lc_collate_1               0x08000213   Thumb Code     0  libinit2.o(.ARM.Collect$$libinit$$00000011)
    __rt_lib_init_lc_ctype_1                 0x08000213   Thumb Code     0  libinit2.o(.ARM.Collect$$libinit$$00000013)
    __rt_lib_init_lc_monetary_1              0x08000213   Thumb Code     0  libinit2.o(.ARM.Collect$$libinit$$00000015)
    __rt_lib_init_lc_numeric_1               0x08000213   Thumb Code     0  libinit2.o(.ARM.Collect$$libinit$$00000017)
    __rt_lib_init_lc_time_1                  0x08000213   Thumb Code     0  libinit2.o(.ARM.Collect$$libinit$$00000019)
    __rt_lib_init_preinit_1                  0x08000213   Thumb Code     0  libinit2.o(.ARM.Collect$$libinit$$00000004)
    __rt_lib_init_rand_1                     0x08000213   Thumb Code     0  libinit2.o(.ARM.Collect$$libinit$$0000000E)
    __rt_lib_init_return                     0x08000213   Thumb Code     0  libinit2.o(.ARM.Collect$$libinit$$00000033)
    __rt_lib_init_signal_1                   0x08000213   Thumb Code     0  libinit2.o(.ARM.Collect$$libinit$$0000001D)
    __rt_lib_init_stdio_1                    0x08000213   Thumb Code     0  libinit2.o(.ARM.Collect$$libinit$$00000025)
    __rt_lib_init_user_alloc_1               0x08000213   Thumb Code     0  libinit2.o(.ARM.Collect$$libinit$$0000000C)
    __rt_lib_shutdown                        0x08000215   Thumb Code     0  libshutdown.o(.ARM.Collect$$libshutdown$$00000000)
    __rt_lib_shutdown_cpp_1                  0x08000217   Thumb Code     0  libshutdown2.o(.ARM.Collect$$libshutdown$$00000004)
    __rt_lib_shutdown_fini_1                 0x08000217   Thumb Code     0  libshutdown2.o(.ARM.Collect$$libshutdown$$00000002)
    __rt_lib_shutdown_fp_trap_1              0x08000217   Thumb Code     0  libshutdown2.o(.ARM.Collect$$libshutdown$$00000009)
    __rt_lib_shutdown_heap_1                 0x08000217   Thumb Code     0  libshutdown2.o(.ARM.Collect$$libshutdown$$00000011)
    __rt_lib_shutdown_return                 0x08000217   Thumb Code     0  libshutdown2.o(.ARM.Collect$$libshutdown$$00000012)
    __rt_lib_shutdown_signal_1               0x08000217   Thumb Code     0  libshutdown2.o(.ARM.Collect$$libshutdown$$0000000C)
    __rt_lib_shutdown_stdio_1                0x08000217   Thumb Code     0  libshutdown2.o(.ARM.Collect$$libshutdown$$00000006)
    __rt_lib_shutdown_user_alloc_1           0x08000217   Thumb Code     0  libshutdown2.o(.ARM.Collect$$libshutdown$$0000000E)
    __rt_entry                               0x08000219   Thumb Code     0  __rtentry.o(.ARM.Collect$$rtentry$$00000000)
    __rt_entry_presh_1                       0x08000219   Thumb Code     0  __rtentry2.o(.ARM.Collect$$rtentry$$00000002)
    __rt_entry_sh                            0x08000219   Thumb Code     0  __rtentry4.o(.ARM.Collect$$rtentry$$00000004)
    __rt_entry_li                            0x0800021f   Thumb Code     0  __rtentry2.o(.ARM.Collect$$rtentry$$0000000A)
    __rt_entry_postsh_1                      0x0800021f   Thumb Code     0  __rtentry2.o(.ARM.Collect$$rtentry$$00000009)
    __rt_entry_main                          0x08000223   Thumb Code     0  __rtentry2.o(.ARM.Collect$$rtentry$$0000000D)
    __rt_entry_postli_1                      0x08000223   Thumb Code     0  __rtentry2.o(.ARM.Collect$$rtentry$$0000000C)
    __rt_exit                                0x0800022b   Thumb Code     0  rtexit.o(.ARM.Collect$$rtexit$$00000000)
    __rt_exit_ls                             0x0800022d   Thumb Code     0  rtexit2.o(.ARM.Collect$$rtexit$$00000003)
    __rt_exit_prels_1                        0x0800022d   Thumb Code     0  rtexit2.o(.ARM.Collect$$rtexit$$00000002)
    __rt_exit_exit                           0x08000231   Thumb Code     0  rtexit2.o(.ARM.Collect$$rtexit$$00000004)
    Reset_Handler                            0x08000239   Thumb Code     8  startup_stm32f411xe.o(.text)
    ADC_IRQHandler                           0x08000253   Thumb Code     0  startup_stm32f411xe.o(.text)
    DMA1_Stream0_IRQHandler                  0x08000253   Thumb Code     0  startup_stm32f411xe.o(.text)
    DMA1_Stream1_IRQHandler                  0x08000253   Thumb Code     0  startup_stm32f411xe.o(.text)
    DMA1_Stream2_IRQHandler                  0x08000253   Thumb Code     0  startup_stm32f411xe.o(.text)
    DMA1_Stream3_IRQHandler                  0x08000253   Thumb Code     0  startup_stm32f411xe.o(.text)
    DMA1_Stream4_IRQHandler                  0x08000253   Thumb Code     0  startup_stm32f411xe.o(.text)
    DMA1_Stream7_IRQHandler                  0x08000253   Thumb Code     0  startup_stm32f411xe.o(.text)
    DMA2_Stream0_IRQHandler                  0x08000253   Thumb Code     0  startup_stm32f411xe.o(.text)
    DMA2_Stream2_IRQHandler                  0x08000253   Thumb Code     0  startup_stm32f411xe.o(.text)
    DMA2_Stream3_IRQHandler                  0x08000253   Thumb Code     0  startup_stm32f411xe.o(.text)
    DMA2_Stream4_IRQHandler                  0x08000253   Thumb Code     0  startup_stm32f411xe.o(.text)
    DMA2_Stream5_IRQHandler                  0x08000253   Thumb Code     0  startup_stm32f411xe.o(.text)
    DMA2_Stream7_IRQHandler                  0x08000253   Thumb Code     0  startup_stm32f411xe.o(.text)
    EXTI0_IRQHandler                         0x08000253   Thumb Code     0  startup_stm32f411xe.o(.text)
    EXTI15_10_IRQHandler                     0x08000253   Thumb Code     0  startup_stm32f411xe.o(.text)
    EXTI1_IRQHandler                         0x08000253   Thumb Code     0  startup_stm32f411xe.o(.text)
    EXTI2_IRQHandler                         0x08000253   Thumb Code     0  startup_stm32f411xe.o(.text)
    EXTI3_IRQHandler                         0x08000253   Thumb Code     0  startup_stm32f411xe.o(.text)
    EXTI4_IRQHandler                         0x08000253   Thumb Code     0  startup_stm32f411xe.o(.text)
    EXTI9_5_IRQHandler                       0x08000253   Thumb Code     0  startup_stm32f411xe.o(.text)
    FLASH_IRQHandler                         0x08000253   Thumb Code     0  startup_stm32f411xe.o(.text)
    FPU_IRQHandler                           0x08000253   Thumb Code     0  startup_stm32f411xe.o(.text)
    I2C1_ER_IRQHandler                       0x08000253   Thumb Code     0  startup_stm32f411xe.o(.text)
    I2C1_EV_IRQHandler                       0x08000253   Thumb Code     0  startup_stm32f411xe.o(.text)
    I2C2_ER_IRQHandler                       0x08000253   Thumb Code     0  startup_stm32f411xe.o(.text)
    I2C2_EV_IRQHandler                       0x08000253   Thumb Code     0  startup_stm32f411xe.o(.text)
    I2C3_ER_IRQHandler                       0x08000253   Thumb Code     0  startup_stm32f411xe.o(.text)
    I2C3_EV_IRQHandler                       0x08000253   Thumb Code     0  startup_stm32f411xe.o(.text)
    OTG_FS_IRQHandler                        0x08000253   Thumb Code     0  startup_stm32f411xe.o(.text)
    OTG_FS_WKUP_IRQHandler                   0x08000253   Thumb Code     0  startup_stm32f411xe.o(.text)
    PVD_IRQHandler                           0x08000253   Thumb Code     0  startup_stm32f411xe.o(.text)
    RCC_IRQHandler                           0x08000253   Thumb Code     0  startup_stm32f411xe.o(.text)
    RTC_Alarm_IRQHandler                     0x08000253   Thumb Code     0  startup_stm32f411xe.o(.text)
    RTC_WKUP_IRQHandler                      0x08000253   Thumb Code     0  startup_stm32f411xe.o(.text)
    SDIO_IRQHandler                          0x08000253   Thumb Code     0  startup_stm32f411xe.o(.text)
    SPI1_IRQHandler                          0x08000253   Thumb Code     0  startup_stm32f411xe.o(.text)
    SPI3_IRQHandler                          0x08000253   Thumb Code     0  startup_stm32f411xe.o(.text)
    SPI4_IRQHandler                          0x08000253   Thumb Code     0  startup_stm32f411xe.o(.text)
    SPI5_IRQHandler                          0x08000253   Thumb Code     0  startup_stm32f411xe.o(.text)
    TAMP_STAMP_IRQHandler                    0x08000253   Thumb Code     0  startup_stm32f411xe.o(.text)
    TIM1_BRK_TIM9_IRQHandler                 0x08000253   Thumb Code     0  startup_stm32f411xe.o(.text)
    TIM1_CC_IRQHandler                       0x08000253   Thumb Code     0  startup_stm32f411xe.o(.text)
    TIM1_TRG_COM_TIM11_IRQHandler            0x08000253   Thumb Code     0  startup_stm32f411xe.o(.text)
    TIM1_UP_TIM10_IRQHandler                 0x08000253   Thumb Code     0  startup_stm32f411xe.o(.text)
    TIM2_IRQHandler                          0x08000253   Thumb Code     0  startup_stm32f411xe.o(.text)
    TIM3_IRQHandler                          0x08000253   Thumb Code     0  startup_stm32f411xe.o(.text)
    TIM4_IRQHandler                          0x08000253   Thumb Code     0  startup_stm32f411xe.o(.text)
    TIM5_IRQHandler                          0x08000253   Thumb Code     0  startup_stm32f411xe.o(.text)
    WWDG_IRQHandler                          0x08000253   Thumb Code     0  startup_stm32f411xe.o(.text)
    __user_initial_stackheap                 0x08000255   Thumb Code     0  startup_stm32f411xe.o(.text)
    __aeabi_uldivmod                         0x08000279   Thumb Code     0  lludivv7m.o(.text)
    _ll_udiv                                 0x08000279   Thumb Code   238  lludivv7m.o(.text)
    __aeabi_memcpy                           0x08000367   Thumb Code     0  rt_memcpy_v6.o(.text)
    __rt_memcpy                              0x08000367   Thumb Code   138  rt_memcpy_v6.o(.text)
    _memcpy_lastbytes                        0x080003cd   Thumb Code     0  rt_memcpy_v6.o(.text)
    __aeabi_memclr4                          0x080003f1   Thumb Code     0  rt_memclr_w.o(.text)
    __aeabi_memclr8                          0x080003f1   Thumb Code     0  rt_memclr_w.o(.text)
    __rt_memclr_w                            0x080003f1   Thumb Code    78  rt_memclr_w.o(.text)
    _memset_w                                0x080003f5   Thumb Code     0  rt_memclr_w.o(.text)
    __use_two_region_memory                  0x0800043f   Thumb Code     2  heapauxi.o(.text)
    __rt_heap_escrow$2region                 0x08000441   Thumb Code     2  heapauxi.o(.text)
    __rt_heap_expand$2region                 0x08000443   Thumb Code     2  heapauxi.o(.text)
    __aeabi_memcpy4                          0x08000445   Thumb Code     0  rt_memcpy_w.o(.text)
    __aeabi_memcpy8                          0x08000445   Thumb Code     0  rt_memcpy_w.o(.text)
    __rt_memcpy_w                            0x08000445   Thumb Code   100  rt_memcpy_w.o(.text)
    _memcpy_lastbytes_aligned                0x0800048d   Thumb Code     0  rt_memcpy_w.o(.text)
    __user_setup_stackheap                   0x080004a9   Thumb Code    74  sys_stackheap_outer.o(.text)
    exit                                     0x080004f3   Thumb Code    18  exit.o(.text)
    __user_libspace                          0x08000505   Thumb Code     8  libspace.o(.text)
    __user_perproc_libspace                  0x08000505   Thumb Code     0  libspace.o(.text)
    __user_perthread_libspace                0x08000505   Thumb Code     0  libspace.o(.text)
    _sys_exit                                0x0800050d   Thumb Code     8  sys_exit.o(.text)
    __I$use$semihosting                      0x08000519   Thumb Code     0  use_no_semi.o(.text)
    __use_no_semihosting_swi                 0x08000519   Thumb Code     2  use_no_semi.o(.text)
    BusFault_Handler                         0x0800051b   Thumb Code     2  stm32f4xx_it.o(i.BusFault_Handler)
    __semihosting_library_function           0x0800051b   Thumb Code     0  indicate_semi.o(.text)
    CANSPI_Initialize                        0x0800051d   Thumb Code   202  canspi.o(i.CANSPI_Initialize)
    CANSPI_Receive                           0x080005e7   Thumb Code   204  canspi.o(i.CANSPI_Receive)
    CANSPI_Transmit                          0x080006b5   Thumb Code   132  canspi.o(i.CANSPI_Transmit)
    DMA1_Stream5_IRQHandler                  0x0800073d   Thumb Code     6  stm32f4xx_it.o(i.DMA1_Stream5_IRQHandler)
    DMA1_Stream6_IRQHandler                  0x08000749   Thumb Code     6  stm32f4xx_it.o(i.DMA1_Stream6_IRQHandler)
    DMA2_Stream1_IRQHandler                  0x08000755   Thumb Code     6  stm32f4xx_it.o(i.DMA2_Stream1_IRQHandler)
    DMA2_Stream6_IRQHandler                  0x08000761   Thumb Code     6  stm32f4xx_it.o(i.DMA2_Stream6_IRQHandler)
    DebugMon_Handler                         0x08000811   Thumb Code     2  stm32f4xx_it.o(i.DebugMon_Handler)
    Error_Handler                            0x08000813   Thumb Code     4  main.o(i.Error_Handler)
    HAL_DMA_Abort                            0x08000817   Thumb Code   146  stm32f4xx_hal_dma.o(i.HAL_DMA_Abort)
    HAL_DMA_Abort_IT                         0x080008a9   Thumb Code    36  stm32f4xx_hal_dma.o(i.HAL_DMA_Abort_IT)
    HAL_DMA_IRQHandler                       0x080008cd   Thumb Code   412  stm32f4xx_hal_dma.o(i.HAL_DMA_IRQHandler)
    HAL_DMA_Init                             0x08000a6d   Thumb Code   206  stm32f4xx_hal_dma.o(i.HAL_DMA_Init)
    HAL_DMA_Start_IT                         0x08000b41   Thumb Code   110  stm32f4xx_hal_dma.o(i.HAL_DMA_Start_IT)
    HAL_Delay                                0x08000bb1   Thumb Code    32  stm32f4xx_hal.o(i.HAL_Delay)
    HAL_GPIO_Init                            0x08000bd5   Thumb Code   446  stm32f4xx_hal_gpio.o(i.HAL_GPIO_Init)
    HAL_GPIO_WritePin                        0x08000db5   Thumb Code    10  stm32f4xx_hal_gpio.o(i.HAL_GPIO_WritePin)
    HAL_GetTick                              0x08000dc1   Thumb Code     6  stm32f4xx_hal.o(i.HAL_GetTick)
    HAL_I2C_Init                             0x08000dcd   Thumb Code   376  stm32f4xx_hal_i2c.o(i.HAL_I2C_Init)
    HAL_I2C_MspInit                          0x08000f55   Thumb Code    92  i2c.o(i.HAL_I2C_MspInit)
    HAL_IncTick                              0x08000fbd   Thumb Code    12  stm32f4xx_hal.o(i.HAL_IncTick)
    HAL_Init                                 0x08000fcd   Thumb Code    48  stm32f4xx_hal.o(i.HAL_Init)
    HAL_InitTick                             0x08001001   Thumb Code    54  stm32f4xx_hal.o(i.HAL_InitTick)
    HAL_MspInit                              0x08001041   Thumb Code    42  stm32f4xx_hal_msp.o(i.HAL_MspInit)
    HAL_NVIC_EnableIRQ                       0x08001071   Thumb Code    26  stm32f4xx_hal_cortex.o(i.HAL_NVIC_EnableIRQ)
    HAL_NVIC_SetPriority                     0x0800108d   Thumb Code    60  stm32f4xx_hal_cortex.o(i.HAL_NVIC_SetPriority)
    HAL_NVIC_SetPriorityGrouping             0x080010cd   Thumb Code    26  stm32f4xx_hal_cortex.o(i.HAL_NVIC_SetPriorityGrouping)
    HAL_RCC_ClockConfig                      0x080010f1   Thumb Code   288  stm32f4xx_hal_rcc.o(i.HAL_RCC_ClockConfig)
    HAL_RCC_GetPCLK1Freq                     0x08001225   Thumb Code    20  stm32f4xx_hal_rcc.o(i.HAL_RCC_GetPCLK1Freq)
    HAL_RCC_GetPCLK2Freq                     0x08001245   Thumb Code    20  stm32f4xx_hal_rcc.o(i.HAL_RCC_GetPCLK2Freq)
    HAL_RCC_GetSysClockFreq                  0x08001265   Thumb Code    88  stm32f4xx_hal_rcc.o(i.HAL_RCC_GetSysClockFreq)
    HAL_RCC_OscConfig                        0x080012c9   Thumb Code   856  stm32f4xx_hal_rcc.o(i.HAL_RCC_OscConfig)
    HAL_SPI_ErrorCallback                    0x08001635   Thumb Code     2  stm32f4xx_hal_spi.o(i.HAL_SPI_ErrorCallback)
    HAL_SPI_GetState                         0x08001637   Thumb Code     6  stm32f4xx_hal_spi.o(i.HAL_SPI_GetState)
    HAL_SPI_IRQHandler                       0x0800163d   Thumb Code   246  stm32f4xx_hal_spi.o(i.HAL_SPI_IRQHandler)
    HAL_SPI_Init                             0x08001739   Thumb Code   188  stm32f4xx_hal_spi.o(i.HAL_SPI_Init)
    HAL_SPI_MspInit                          0x080017f5   Thumb Code   174  spi.o(i.HAL_SPI_MspInit)
    HAL_SPI_Receive                          0x080018b9   Thumb Code   340  stm32f4xx_hal_spi.o(i.HAL_SPI_Receive)
    HAL_SPI_Receive_IT                       0x08001a0d   Thumb Code   160  stm32f4xx_hal_spi.o(i.HAL_SPI_Receive_IT)
    HAL_SPI_RxCpltCallback                   0x08001ab5   Thumb Code   110  main.o(i.HAL_SPI_RxCpltCallback)
    HAL_SPI_Transmit                         0x08001b2d   Thumb Code   358  stm32f4xx_hal_spi.o(i.HAL_SPI_Transmit)
    HAL_SPI_TransmitReceive                  0x08001c93   Thumb Code   496  stm32f4xx_hal_spi.o(i.HAL_SPI_TransmitReceive)
    HAL_SPI_TransmitReceive_IT               0x08001e85   Thumb Code   138  stm32f4xx_hal_spi.o(i.HAL_SPI_TransmitReceive_IT)
    HAL_SPI_TxRxCpltCallback                 0x08001f21   Thumb Code     2  stm32f4xx_hal_spi.o(i.HAL_SPI_TxRxCpltCallback)
    HAL_SYSTICK_Config                       0x08001f23   Thumb Code    40  stm32f4xx_hal_cortex.o(i.HAL_SYSTICK_Config)
    HAL_UARTEx_RxEventCallback               0x08001f4b   Thumb Code     2  stm32f4xx_hal_uart.o(i.HAL_UARTEx_RxEventCallback)
    HAL_UART_ErrorCallback                   0x08001f4d   Thumb Code     2  stm32f4xx_hal_uart.o(i.HAL_UART_ErrorCallback)
    HAL_UART_IRQHandler                      0x08001f51   Thumb Code   618  stm32f4xx_hal_uart.o(i.HAL_UART_IRQHandler)
    HAL_UART_Init                            0x080021c1   Thumb Code   100  stm32f4xx_hal_uart.o(i.HAL_UART_Init)
    HAL_UART_MspInit                         0x08002225   Thumb Code   454  usart.o(i.HAL_UART_MspInit)
    HAL_UART_Receive_DMA                     0x08002411   Thumb Code    28  stm32f4xx_hal_uart.o(i.HAL_UART_Receive_DMA)
    HAL_UART_Receive_IT                      0x0800242d   Thumb Code    28  stm32f4xx_hal_uart.o(i.HAL_UART_Receive_IT)
    HAL_UART_RxCpltCallback                  0x08002449   Thumb Code   200  main.o(i.HAL_UART_RxCpltCallback)
    HAL_UART_RxHalfCpltCallback              0x08002531   Thumb Code     2  stm32f4xx_hal_uart.o(i.HAL_UART_RxHalfCpltCallback)
    HAL_UART_TxCpltCallback                  0x08002533   Thumb Code     2  stm32f4xx_hal_uart.o(i.HAL_UART_TxCpltCallback)
    HardFault_Handler                        0x08002535   Thumb Code     2  stm32f4xx_it.o(i.HardFault_Handler)
    MCP2515_GetRxStatus                      0x08002539   Thumb Code    40  mcp2515.o(i.MCP2515_GetRxStatus)
    MCP2515_Initialize                       0x08002565   Thumb Code    36  mcp2515.o(i.MCP2515_Initialize)
    MCP2515_LoadTxSequence                   0x08002591   Thumb Code    66  mcp2515.o(i.MCP2515_LoadTxSequence)
    MCP2515_ReadByte                         0x080025d9   Thumb Code    48  mcp2515.o(i.MCP2515_ReadByte)
    MCP2515_ReadRxSequence                   0x0800260d   Thumb Code    54  mcp2515.o(i.MCP2515_ReadRxSequence)
    MCP2515_ReadStatus                       0x0800264d   Thumb Code    40  mcp2515.o(i.MCP2515_ReadStatus)
    MCP2515_RequestToSend                    0x08002679   Thumb Code    36  mcp2515.o(i.MCP2515_RequestToSend)
    MCP2515_SetConfigMode                    0x080026a1   Thumb Code    42  mcp2515.o(i.MCP2515_SetConfigMode)
    MCP2515_SetNormalMode                    0x080026cb   Thumb Code    38  mcp2515.o(i.MCP2515_SetNormalMode)
    MCP2515_WriteByte                        0x080026f1   Thumb Code    50  mcp2515.o(i.MCP2515_WriteByte)
    MCP2515_WriteByteSequence                0x08002729   Thumb Code    60  mcp2515.o(i.MCP2515_WriteByteSequence)
    MX_DMA_Init                              0x08002769   Thumb Code   104  dma.o(i.MX_DMA_Init)
    MX_GPIO_Init                             0x080027d5   Thumb Code   140  gpio.o(i.MX_GPIO_Init)
    MX_I2C1_Init                             0x0800286d   Thumb Code    50  i2c.o(i.MX_I2C1_Init)
    MX_SPI1_Init                             0x080028ad   Thumb Code    62  spi.o(i.MX_SPI1_Init)
    MX_SPI2_Init                             0x080028f5   Thumb Code    62  spi.o(i.MX_SPI2_Init)
    MX_USART1_UART_Init                      0x0800293d   Thumb Code    48  usart.o(i.MX_USART1_UART_Init)
    MX_USART2_UART_Init                      0x08002975   Thumb Code    46  usart.o(i.MX_USART2_UART_Init)
    MX_USART6_UART_Init                      0x080029b1   Thumb Code    48  usart.o(i.MX_USART6_UART_Init)
    MemManage_Handler                        0x080029e9   Thumb Code     2  stm32f4xx_it.o(i.MemManage_Handler)
    NMI_Handler                              0x080029eb   Thumb Code     2  stm32f4xx_it.o(i.NMI_Handler)
    PendSV_Handler                           0x080029ed   Thumb Code     2  stm32f4xx_it.o(i.PendSV_Handler)
    SPI2_IRQHandler                          0x080029f1   Thumb Code     6  stm32f4xx_it.o(i.SPI2_IRQHandler)
    SVC_Handler                              0x08002da5   Thumb Code     2  stm32f4xx_it.o(i.SVC_Handler)
    SetAngle                                 0x08002da9   Thumb Code    92  main.o(i.SetAngle)
    SysTick_Handler                          0x08002e09   Thumb Code     4  stm32f4xx_it.o(i.SysTick_Handler)
    SystemClock_Config                       0x08002e0d   Thumb Code   136  main.o(i.SystemClock_Config)
    SystemInit                               0x08002e9d   Thumb Code    12  system_stm32f4xx.o(i.SystemInit)
    UART_Start_Receive_DMA                   0x080031e5   Thumb Code   130  stm32f4xx_hal_uart.o(i.UART_Start_Receive_DMA)
    UART_Start_Receive_IT                    0x08003275   Thumb Code    54  stm32f4xx_hal_uart.o(i.UART_Start_Receive_IT)
    USART1_IRQHandler                        0x080032ad   Thumb Code     6  stm32f4xx_it.o(i.USART1_IRQHandler)
    USART2_IRQHandler                        0x080032b9   Thumb Code     6  stm32f4xx_it.o(i.USART2_IRQHandler)
    USART6_IRQHandler                        0x080032c5   Thumb Code     6  stm32f4xx_it.o(i.USART6_IRQHandler)
    UsageFault_Handler                       0x080032d1   Thumb Code     2  stm32f4xx_it.o(i.UsageFault_Handler)
    main                                     0x08003329   Thumb Code   344  main.o(i.main)
    unpack_hid                               0x080034b9   Thumb Code    40  main.o(i.unpack_hid)
    unpack_lrs                               0x080034e5   Thumb Code    76  main.o(i.unpack_lrs)
    __aeabi_dadd                             0x08003535   Thumb Code     0  daddsub_clz.o(x$fpl$dadd)
    _dadd                                    0x08003535   Thumb Code   332  daddsub_clz.o(x$fpl$dadd)
    __aeabi_d2iz                             0x08003685   Thumb Code     0  dfix.o(x$fpl$dfix)
    _dfix                                    0x08003685   Thumb Code    94  dfix.o(x$fpl$dfix)
    __aeabi_i2d                              0x080036e3   Thumb Code     0  dflt_clz.o(x$fpl$dflt)
    _dflt                                    0x080036e3   Thumb Code    46  dflt_clz.o(x$fpl$dflt)
    __aeabi_ui2d                             0x08003711   Thumb Code     0  dflt_clz.o(x$fpl$dfltu)
    _dfltu                                   0x08003711   Thumb Code    38  dflt_clz.o(x$fpl$dfltu)
    __aeabi_dmul                             0x08003739   Thumb Code     0  dmul.o(x$fpl$dmul)
    _dmul                                    0x08003739   Thumb Code   332  dmul.o(x$fpl$dmul)
    __fpl_dnaninf                            0x0800388d   Thumb Code   156  dnaninf.o(x$fpl$dnaninf)
    __fpl_dretinf                            0x08003929   Thumb Code    12  dretinf.o(x$fpl$dretinf)
    __aeabi_dsub                             0x08003935   Thumb Code     0  daddsub_clz.o(x$fpl$dsub)
    _dsub                                    0x08003935   Thumb Code   464  daddsub_clz.o(x$fpl$dsub)
    _fp_init                                 0x08003b09   Thumb Code    10  fpinit.o(x$fpl$fpinit)
    __fplib_config_fpu_vfp                   0x08003b11   Thumb Code     0  fpinit.o(x$fpl$fpinit)
    __fplib_config_pureend_doubles           0x08003b11   Thumb Code     0  fpinit.o(x$fpl$fpinit)
    __I$use$fp                               0x08003b12   Number         0  usenofp.o(x$fpl$usenofp)
    AHBPrescTable                            0x08003b1a   Data          16  system_stm32f4xx.o(.constdata)
    APBPrescTable                            0x08003b2a   Data           8  system_stm32f4xx.o(.constdata)
    Region$$Table$$Base                      0x08003b34   Number         0  anon$$obj.o(Region$$Table)
    Region$$Table$$Limit                     0x08003b54   Number         0  anon$$obj.o(Region$$Table)
    ctrlStatus                               0x20000000   Data           4  canspi.o(.data)
    errorStatus                              0x20000004   Data           4  canspi.o(.data)
    idReg                                    0x20000008   Data           4  canspi.o(.data)
    bitsMerged                               0x2000000c   Data           1  main.o(.data)
    readByteIndex                            0x2000000d   Data           1  main.o(.data)
    angle_low                                0x2000000e   Data           1  main.o(.data)
    angle_high                               0x2000000f   Data           1  main.o(.data)
    angle                                    0x20000010   Data           2  main.o(.data)
    readValue                                0x20000014   Data           4  main.o(.data)
    uwTickFreq                               0x20000018   Data           1  stm32f4xx_hal.o(.data)
    uwTickPrio                               0x2000001c   Data           4  stm32f4xx_hal.o(.data)
    uwTick                                   0x20000020   Data           4  stm32f4xx_hal.o(.data)
    SystemCoreClock                          0x20000024   Data           4  system_stm32f4xx.o(.data)
    UART_buffer                              0x20000028   Data          64  main.o(.bss)
    DMA_buffer2                              0x20000068   Data          64  main.o(.bss)
    DMA_buffer6                              0x200000a8   Data          64  main.o(.bss)
    SPI_buffer                               0x200000e8   Data          64  main.o(.bss)
    RxDataUart1                              0x20000128   Data          26  main.o(.bss)
    RxDataUart2                              0x20000142   Data          26  main.o(.bss)
    RxDataUart6                              0x2000015c   Data          26  main.o(.bss)
    RxDataSPI                                0x20000176   Data          26  main.o(.bss)
    RC_HID                                   0x20000190   Data          32  main.o(.bss)
    RC_TBS                                   0x200001b0   Data          32  main.o(.bss)
    RC_ELRS                                  0x200001d0   Data          32  main.o(.bss)
    RC_SPI                                   0x200001f0   Data          32  main.o(.bss)
    Rx_Msg                                   0x20000210   Data          16  main.o(.bss)
    hi2c1                                    0x20000220   Data          84  i2c.o(.bss)
    hspi1                                    0x20000274   Data          88  spi.o(.bss)
    hspi2                                    0x200002cc   Data          88  spi.o(.bss)
    huart1                                   0x20000324   Data          72  usart.o(.bss)
    huart2                                   0x2000036c   Data          72  usart.o(.bss)
    huart6                                   0x200003b4   Data          72  usart.o(.bss)
    hdma_usart2_rx                           0x200003fc   Data          96  usart.o(.bss)
    hdma_usart2_tx                           0x2000045c   Data          96  usart.o(.bss)
    hdma_usart6_rx                           0x200004bc   Data          96  usart.o(.bss)
    hdma_usart6_tx                           0x2000051c   Data          96  usart.o(.bss)
    __libspace_start                         0x2000057c   Data          96  libspace.o(.bss)
    __temporary_stack_top$libspace           0x200005dc   Data           0  libspace.o(.bss)



==============================================================================

Memory Map of the image

  Image Entry point : 0x08000199

  Load Region LR_IROM1 (Base: 0x08000000, Size: 0x00003b7c, Max: 0x00080000, ABSOLUTE)

    Execution Region ER_IROM1 (Exec base: 0x08000000, Load base: 0x08000000, Size: 0x00003b54, Max: 0x00080000, ABSOLUTE)

    Exec Addr    Load Addr    Size         Type   Attr      Idx    E Section Name        Object

    0x08000000   0x08000000   0x00000198   Data   RO            3    RESET               startup_stm32f411xe.o
    0x08000198   0x08000198   0x00000008   Code   RO         3180  * !!!main             c_w.l(__main.o)
    0x080001a0   0x080001a0   0x00000034   Code   RO         3374    !!!scatter          c_w.l(__scatter.o)
    0x080001d4   0x080001d4   0x0000001a   Code   RO         3376    !!handler_copy      c_w.l(__scatter_copy.o)
    0x080001ee   0x080001ee   0x00000002   PAD
    0x080001f0   0x080001f0   0x0000001c   Code   RO         3378    !!handler_zi        c_w.l(__scatter_zi.o)
    0x0800020c   0x0800020c   0x00000002   Code   RO         3242    .ARM.Collect$$libinit$$00000000  c_w.l(libinit.o)
    0x0800020e   0x0800020e   0x00000004   Code   RO         3254    .ARM.Collect$$libinit$$00000001  c_w.l(libinit2.o)
    0x08000212   0x08000212   0x00000000   Code   RO         3257    .ARM.Collect$$libinit$$00000004  c_w.l(libinit2.o)
    0x08000212   0x08000212   0x00000000   Code   RO         3260    .ARM.Collect$$libinit$$0000000A  c_w.l(libinit2.o)
    0x08000212   0x08000212   0x00000000   Code   RO         3262    .ARM.Collect$$libinit$$0000000C  c_w.l(libinit2.o)
    0x08000212   0x08000212   0x00000000   Code   RO         3264    .ARM.Collect$$libinit$$0000000E  c_w.l(libinit2.o)
    0x08000212   0x08000212   0x00000000   Code   RO         3267    .ARM.Collect$$libinit$$00000011  c_w.l(libinit2.o)
    0x08000212   0x08000212   0x00000000   Code   RO         3269    .ARM.Collect$$libinit$$00000013  c_w.l(libinit2.o)
    0x08000212   0x08000212   0x00000000   Code   RO         3271    .ARM.Collect$$libinit$$00000015  c_w.l(libinit2.o)
    0x08000212   0x08000212   0x00000000   Code   RO         3273    .ARM.Collect$$libinit$$00000017  c_w.l(libinit2.o)
    0x08000212   0x08000212   0x00000000   Code   RO         3275    .ARM.Collect$$libinit$$00000019  c_w.l(libinit2.o)
    0x08000212   0x08000212   0x00000000   Code   RO         3277    .ARM.Collect$$libinit$$0000001B  c_w.l(libinit2.o)
    0x08000212   0x08000212   0x00000000   Code   RO         3279    .ARM.Collect$$libinit$$0000001D  c_w.l(libinit2.o)
    0x08000212   0x08000212   0x00000000   Code   RO         3281    .ARM.Collect$$libinit$$0000001F  c_w.l(libinit2.o)
    0x08000212   0x08000212   0x00000000   Code   RO         3283    .ARM.Collect$$libinit$$00000021  c_w.l(libinit2.o)
    0x08000212   0x08000212   0x00000000   Code   RO         3285    .ARM.Collect$$libinit$$00000023  c_w.l(libinit2.o)
    0x08000212   0x08000212   0x00000000   Code   RO         3287    .ARM.Collect$$libinit$$00000025  c_w.l(libinit2.o)
    0x08000212   0x08000212   0x00000000   Code   RO         3291    .ARM.Collect$$libinit$$0000002C  c_w.l(libinit2.o)
    0x08000212   0x08000212   0x00000000   Code   RO         3293    .ARM.Collect$$libinit$$0000002E  c_w.l(libinit2.o)
    0x08000212   0x08000212   0x00000000   Code   RO         3295    .ARM.Collect$$libinit$$00000030  c_w.l(libinit2.o)
    0x08000212   0x08000212   0x00000000   Code   RO         3297    .ARM.Collect$$libinit$$00000032  c_w.l(libinit2.o)
    0x08000212   0x08000212   0x00000002   Code   RO         3298    .ARM.Collect$$libinit$$00000033  c_w.l(libinit2.o)
    0x08000214   0x08000214   0x00000002   Code   RO         3329    .ARM.Collect$$libshutdown$$00000000  c_w.l(libshutdown.o)
    0x08000216   0x08000216   0x00000000   Code   RO         3355    .ARM.Collect$$libshutdown$$00000002  c_w.l(libshutdown2.o)
    0x08000216   0x08000216   0x00000000   Code   RO         3357    .ARM.Collect$$libshutdown$$00000004  c_w.l(libshutdown2.o)
    0x08000216   0x08000216   0x00000000   Code   RO         3359    .ARM.Collect$$libshutdown$$00000006  c_w.l(libshutdown2.o)
    0x08000216   0x08000216   0x00000000   Code   RO         3362    .ARM.Collect$$libshutdown$$00000009  c_w.l(libshutdown2.o)
    0x08000216   0x08000216   0x00000000   Code   RO         3365    .ARM.Collect$$libshutdown$$0000000C  c_w.l(libshutdown2.o)
    0x08000216   0x08000216   0x00000000   Code   RO         3367    .ARM.Collect$$libshutdown$$0000000E  c_w.l(libshutdown2.o)
    0x08000216   0x08000216   0x00000000   Code   RO         3370    .ARM.Collect$$libshutdown$$00000011  c_w.l(libshutdown2.o)
    0x08000216   0x08000216   0x00000002   Code   RO         3371    .ARM.Collect$$libshutdown$$00000012  c_w.l(libshutdown2.o)
    0x08000218   0x08000218   0x00000000   Code   RO         3200    .ARM.Collect$$rtentry$$00000000  c_w.l(__rtentry.o)
    0x08000218   0x08000218   0x00000000   Code   RO         3213    .ARM.Collect$$rtentry$$00000002  c_w.l(__rtentry2.o)
    0x08000218   0x08000218   0x00000006   Code   RO         3225    .ARM.Collect$$rtentry$$00000004  c_w.l(__rtentry4.o)
    0x0800021e   0x0800021e   0x00000000   Code   RO         3215    .ARM.Collect$$rtentry$$00000009  c_w.l(__rtentry2.o)
    0x0800021e   0x0800021e   0x00000004   Code   RO         3216    .ARM.Collect$$rtentry$$0000000A  c_w.l(__rtentry2.o)
    0x08000222   0x08000222   0x00000000   Code   RO         3218    .ARM.Collect$$rtentry$$0000000C  c_w.l(__rtentry2.o)
    0x08000222   0x08000222   0x00000008   Code   RO         3219    .ARM.Collect$$rtentry$$0000000D  c_w.l(__rtentry2.o)
    0x0800022a   0x0800022a   0x00000002   Code   RO         3246    .ARM.Collect$$rtexit$$00000000  c_w.l(rtexit.o)
    0x0800022c   0x0800022c   0x00000000   Code   RO         3302    .ARM.Collect$$rtexit$$00000002  c_w.l(rtexit2.o)
    0x0800022c   0x0800022c   0x00000004   Code   RO         3303    .ARM.Collect$$rtexit$$00000003  c_w.l(rtexit2.o)
    0x08000230   0x08000230   0x00000006   Code   RO         3304    .ARM.Collect$$rtexit$$00000004  c_w.l(rtexit2.o)
    0x08000236   0x08000236   0x00000002   PAD
    0x08000238   0x08000238   0x00000040   Code   RO            4    .text               startup_stm32f411xe.o
    0x08000278   0x08000278   0x000000ee   Code   RO         3172    .text               c_w.l(lludivv7m.o)
    0x08000366   0x08000366   0x0000008a   Code   RO         3174    .text               c_w.l(rt_memcpy_v6.o)
    0x080003f0   0x080003f0   0x0000004e   Code   RO         3176    .text               c_w.l(rt_memclr_w.o)
    0x0800043e   0x0800043e   0x00000006   Code   RO         3178    .text               c_w.l(heapauxi.o)
    0x08000444   0x08000444   0x00000064   Code   RO         3205    .text               c_w.l(rt_memcpy_w.o)
    0x080004a8   0x080004a8   0x0000004a   Code   RO         3229    .text               c_w.l(sys_stackheap_outer.o)
    0x080004f2   0x080004f2   0x00000012   Code   RO         3231    .text               c_w.l(exit.o)
    0x08000504   0x08000504   0x00000008   Code   RO         3243    .text               c_w.l(libspace.o)
    0x0800050c   0x0800050c   0x0000000c   Code   RO         3299    .text               c_w.l(sys_exit.o)
    0x08000518   0x08000518   0x00000002   Code   RO         3318    .text               c_w.l(use_no_semi.o)
    0x0800051a   0x0800051a   0x00000000   Code   RO         3320    .text               c_w.l(indicate_semi.o)
    0x0800051a   0x0800051a   0x00000002   Code   RO          607    i.BusFault_Handler  stm32f4xx_it.o
    0x0800051c   0x0800051c   0x000000ca   Code   RO           13    i.CANSPI_Initialize  canspi.o
    0x080005e6   0x080005e6   0x000000cc   Code   RO           14    i.CANSPI_Receive    canspi.o
    0x080006b2   0x080006b2   0x00000002   PAD
    0x080006b4   0x080006b4   0x00000088   Code   RO           16    i.CANSPI_Transmit   canspi.o
    0x0800073c   0x0800073c   0x0000000c   Code   RO          608    i.DMA1_Stream5_IRQHandler  stm32f4xx_it.o
    0x08000748   0x08000748   0x0000000c   Code   RO          609    i.DMA1_Stream6_IRQHandler  stm32f4xx_it.o
    0x08000754   0x08000754   0x0000000c   Code   RO          610    i.DMA2_Stream1_IRQHandler  stm32f4xx_it.o
    0x08000760   0x08000760   0x0000000c   Code   RO          611    i.DMA2_Stream6_IRQHandler  stm32f4xx_it.o
    0x0800076c   0x0800076c   0x00000028   Code   RO         1735    i.DMA_CalcBaseAndBitshift  stm32f4xx_hal_dma.o
    0x08000794   0x08000794   0x00000054   Code   RO         1736    i.DMA_CheckFifoParam  stm32f4xx_hal_dma.o
    0x080007e8   0x080007e8   0x00000028   Code   RO         1737    i.DMA_SetConfig     stm32f4xx_hal_dma.o
    0x08000810   0x08000810   0x00000002   Code   RO          612    i.DebugMon_Handler  stm32f4xx_it.o
    0x08000812   0x08000812   0x00000004   Code   RO          323    i.Error_Handler     main.o
    0x08000816   0x08000816   0x00000092   Code   RO         1738    i.HAL_DMA_Abort     stm32f4xx_hal_dma.o
    0x080008a8   0x080008a8   0x00000024   Code   RO         1739    i.HAL_DMA_Abort_IT  stm32f4xx_hal_dma.o
    0x080008cc   0x080008cc   0x000001a0   Code   RO         1743    i.HAL_DMA_IRQHandler  stm32f4xx_hal_dma.o
    0x08000a6c   0x08000a6c   0x000000d4   Code   RO         1744    i.HAL_DMA_Init      stm32f4xx_hal_dma.o
    0x08000b40   0x08000b40   0x0000006e   Code   RO         1748    i.HAL_DMA_Start_IT  stm32f4xx_hal_dma.o
    0x08000bae   0x08000bae   0x00000002   PAD
    0x08000bb0   0x08000bb0   0x00000024   Code   RO         2199    i.HAL_Delay         stm32f4xx_hal.o
    0x08000bd4   0x08000bd4   0x000001e0   Code   RO         1631    i.HAL_GPIO_Init     stm32f4xx_hal_gpio.o
    0x08000db4   0x08000db4   0x0000000a   Code   RO         1635    i.HAL_GPIO_WritePin  stm32f4xx_hal_gpio.o
    0x08000dbe   0x08000dbe   0x00000002   PAD
    0x08000dc0   0x08000dc0   0x0000000c   Code   RO         2205    i.HAL_GetTick       stm32f4xx_hal.o
    0x08000dcc   0x08000dcc   0x00000188   Code   RO          766    i.HAL_I2C_Init      stm32f4xx_hal_i2c.o
    0x08000f54   0x08000f54   0x00000068   Code   RO          464    i.HAL_I2C_MspInit   i2c.o
    0x08000fbc   0x08000fbc   0x00000010   Code   RO         2211    i.HAL_IncTick       stm32f4xx_hal.o
    0x08000fcc   0x08000fcc   0x00000034   Code   RO         2212    i.HAL_Init          stm32f4xx_hal.o
    0x08001000   0x08001000   0x00000040   Code   RO         2213    i.HAL_InitTick      stm32f4xx_hal.o
    0x08001040   0x08001040   0x00000030   Code   RO          731    i.HAL_MspInit       stm32f4xx_hal_msp.o
    0x08001070   0x08001070   0x0000001a   Code   RO         2047    i.HAL_NVIC_EnableIRQ  stm32f4xx_hal_cortex.o
    0x0800108a   0x0800108a   0x00000002   PAD
    0x0800108c   0x0800108c   0x00000040   Code   RO         2053    i.HAL_NVIC_SetPriority  stm32f4xx_hal_cortex.o
    0x080010cc   0x080010cc   0x00000024   Code   RO         2054    i.HAL_NVIC_SetPriorityGrouping  stm32f4xx_hal_cortex.o
    0x080010f0   0x080010f0   0x00000134   Code   RO         1223    i.HAL_RCC_ClockConfig  stm32f4xx_hal_rcc.o
    0x08001224   0x08001224   0x00000020   Code   RO         1230    i.HAL_RCC_GetPCLK1Freq  stm32f4xx_hal_rcc.o
    0x08001244   0x08001244   0x00000020   Code   RO         1231    i.HAL_RCC_GetPCLK2Freq  stm32f4xx_hal_rcc.o
    0x08001264   0x08001264   0x00000064   Code   RO         1232    i.HAL_RCC_GetSysClockFreq  stm32f4xx_hal_rcc.o
    0x080012c8   0x080012c8   0x0000036c   Code   RO         1235    i.HAL_RCC_OscConfig  stm32f4xx_hal_rcc.o
    0x08001634   0x08001634   0x00000002   Code   RO         2457    i.HAL_SPI_ErrorCallback  stm32f4xx_hal_spi.o
    0x08001636   0x08001636   0x00000006   Code   RO         2459    i.HAL_SPI_GetState  stm32f4xx_hal_spi.o
    0x0800163c   0x0800163c   0x000000fc   Code   RO         2460    i.HAL_SPI_IRQHandler  stm32f4xx_hal_spi.o
    0x08001738   0x08001738   0x000000bc   Code   RO         2461    i.HAL_SPI_Init      stm32f4xx_hal_spi.o
    0x080017f4   0x080017f4   0x000000c4   Code   RO          506    i.HAL_SPI_MspInit   spi.o
    0x080018b8   0x080018b8   0x00000154   Code   RO         2464    i.HAL_SPI_Receive   stm32f4xx_hal_spi.o
    0x08001a0c   0x08001a0c   0x000000a8   Code   RO         2466    i.HAL_SPI_Receive_IT  stm32f4xx_hal_spi.o
    0x08001ab4   0x08001ab4   0x00000078   Code   RO          324    i.HAL_SPI_RxCpltCallback  main.o
    0x08001b2c   0x08001b2c   0x00000166   Code   RO         2469    i.HAL_SPI_Transmit  stm32f4xx_hal_spi.o
    0x08001c92   0x08001c92   0x000001f0   Code   RO         2470    i.HAL_SPI_TransmitReceive  stm32f4xx_hal_spi.o
    0x08001e82   0x08001e82   0x00000002   PAD
    0x08001e84   0x08001e84   0x0000009c   Code   RO         2472    i.HAL_SPI_TransmitReceive_IT  stm32f4xx_hal_spi.o
    0x08001f20   0x08001f20   0x00000002   Code   RO         2477    i.HAL_SPI_TxRxCpltCallback  stm32f4xx_hal_spi.o
    0x08001f22   0x08001f22   0x00000028   Code   RO         2058    i.HAL_SYSTICK_Config  stm32f4xx_hal_cortex.o
    0x08001f4a   0x08001f4a   0x00000002   Code   RO         2784    i.HAL_UARTEx_RxEventCallback  stm32f4xx_hal_uart.o
    0x08001f4c   0x08001f4c   0x00000002   Code   RO         2798    i.HAL_UART_ErrorCallback  stm32f4xx_hal_uart.o
    0x08001f4e   0x08001f4e   0x00000002   PAD
    0x08001f50   0x08001f50   0x00000270   Code   RO         2801    i.HAL_UART_IRQHandler  stm32f4xx_hal_uart.o
    0x080021c0   0x080021c0   0x00000064   Code   RO         2802    i.HAL_UART_Init     stm32f4xx_hal_uart.o
    0x08002224   0x08002224   0x000001ec   Code   RO          554    i.HAL_UART_MspInit  usart.o
    0x08002410   0x08002410   0x0000001c   Code   RO         2806    i.HAL_UART_Receive_DMA  stm32f4xx_hal_uart.o
    0x0800242c   0x0800242c   0x0000001c   Code   RO         2807    i.HAL_UART_Receive_IT  stm32f4xx_hal_uart.o
    0x08002448   0x08002448   0x000000e8   Code   RO          325    i.HAL_UART_RxCpltCallback  main.o
    0x08002530   0x08002530   0x00000002   Code   RO         2809    i.HAL_UART_RxHalfCpltCallback  stm32f4xx_hal_uart.o
    0x08002532   0x08002532   0x00000002   Code   RO         2813    i.HAL_UART_TxCpltCallback  stm32f4xx_hal_uart.o
    0x08002534   0x08002534   0x00000002   Code   RO          613    i.HardFault_Handler  stm32f4xx_it.o
    0x08002536   0x08002536   0x00000002   PAD
    0x08002538   0x08002538   0x0000002c   Code   RO          197    i.MCP2515_GetRxStatus  mcp2515.o
    0x08002564   0x08002564   0x0000002c   Code   RO          198    i.MCP2515_Initialize  mcp2515.o
    0x08002590   0x08002590   0x00000048   Code   RO          200    i.MCP2515_LoadTxSequence  mcp2515.o
    0x080025d8   0x080025d8   0x00000034   Code   RO          201    i.MCP2515_ReadByte  mcp2515.o
    0x0800260c   0x0800260c   0x00000040   Code   RO          202    i.MCP2515_ReadRxSequence  mcp2515.o
    0x0800264c   0x0800264c   0x0000002c   Code   RO          203    i.MCP2515_ReadStatus  mcp2515.o
    0x08002678   0x08002678   0x00000028   Code   RO          204    i.MCP2515_RequestToSend  mcp2515.o
    0x080026a0   0x080026a0   0x0000002a   Code   RO          206    i.MCP2515_SetConfigMode  mcp2515.o
    0x080026ca   0x080026ca   0x00000026   Code   RO          207    i.MCP2515_SetNormalMode  mcp2515.o
    0x080026f0   0x080026f0   0x00000038   Code   RO          209    i.MCP2515_WriteByte  mcp2515.o
    0x08002728   0x08002728   0x00000040   Code   RO          210    i.MCP2515_WriteByteSequence  mcp2515.o
    0x08002768   0x08002768   0x0000006c   Code   RO          439    i.MX_DMA_Init       dma.o
    0x080027d4   0x080027d4   0x00000098   Code   RO          415    i.MX_GPIO_Init      gpio.o
    0x0800286c   0x0800286c   0x00000040   Code   RO          465    i.MX_I2C1_Init      i2c.o
    0x080028ac   0x080028ac   0x00000048   Code   RO          507    i.MX_SPI1_Init      spi.o
    0x080028f4   0x080028f4   0x00000048   Code   RO          508    i.MX_SPI2_Init      spi.o
    0x0800293c   0x0800293c   0x00000038   Code   RO          555    i.MX_USART1_UART_Init  usart.o
    0x08002974   0x08002974   0x0000003c   Code   RO          556    i.MX_USART2_UART_Init  usart.o
    0x080029b0   0x080029b0   0x00000038   Code   RO          557    i.MX_USART6_UART_Init  usart.o
    0x080029e8   0x080029e8   0x00000002   Code   RO          614    i.MemManage_Handler  stm32f4xx_it.o
    0x080029ea   0x080029ea   0x00000002   Code   RO          615    i.NMI_Handler       stm32f4xx_it.o
    0x080029ec   0x080029ec   0x00000002   Code   RO          616    i.PendSV_Handler    stm32f4xx_it.o
    0x080029ee   0x080029ee   0x00000002   PAD
    0x080029f0   0x080029f0   0x0000000c   Code   RO          617    i.SPI2_IRQHandler   stm32f4xx_it.o
    0x080029fc   0x080029fc   0x00000030   Code   RO         2479    i.SPI_2linesRxISR_16BIT  stm32f4xx_hal_spi.o
    0x08002a2c   0x08002a2c   0x00000030   Code   RO         2480    i.SPI_2linesRxISR_8BIT  stm32f4xx_hal_spi.o
    0x08002a5c   0x08002a5c   0x00000030   Code   RO         2481    i.SPI_2linesTxISR_16BIT  stm32f4xx_hal_spi.o
    0x08002a8c   0x08002a8c   0x00000030   Code   RO         2482    i.SPI_2linesTxISR_8BIT  stm32f4xx_hal_spi.o
    0x08002abc   0x08002abc   0x00000090   Code   RO         2485    i.SPI_CloseRxTx_ISR  stm32f4xx_hal_spi.o
    0x08002b4c   0x08002b4c   0x0000004c   Code   RO         2486    i.SPI_CloseRx_ISR   stm32f4xx_hal_spi.o
    0x08002b98   0x08002b98   0x00000010   Code   RO         2488    i.SPI_DMAAbortOnError  stm32f4xx_hal_spi.o
    0x08002ba8   0x08002ba8   0x0000005c   Code   RO         2498    i.SPI_EndRxTransaction  stm32f4xx_hal_spi.o
    0x08002c04   0x08002c04   0x0000006c   Code   RO         2499    i.SPI_EndRxTxTransaction  stm32f4xx_hal_spi.o
    0x08002c70   0x08002c70   0x00000018   Code   RO          211    i.SPI_Rx            mcp2515.o
    0x08002c88   0x08002c88   0x00000020   Code   RO         2500    i.SPI_RxISR_16BIT   stm32f4xx_hal_spi.o
    0x08002ca8   0x08002ca8   0x00000020   Code   RO         2501    i.SPI_RxISR_8BIT    stm32f4xx_hal_spi.o
    0x08002cc8   0x08002cc8   0x00000014   Code   RO          212    i.SPI_Tx            mcp2515.o
    0x08002cdc   0x08002cdc   0x00000010   Code   RO          213    i.SPI_TxBuffer      mcp2515.o
    0x08002cec   0x08002cec   0x000000b8   Code   RO         2504    i.SPI_WaitFlagStateUntilTimeout  stm32f4xx_hal_spi.o
    0x08002da4   0x08002da4   0x00000002   Code   RO          618    i.SVC_Handler       stm32f4xx_it.o
    0x08002da6   0x08002da6   0x00000002   PAD
    0x08002da8   0x08002da8   0x00000060   Code   RO          326    i.SetAngle          main.o
    0x08002e08   0x08002e08   0x00000004   Code   RO          619    i.SysTick_Handler   stm32f4xx_it.o
    0x08002e0c   0x08002e0c   0x00000090   Code   RO          327    i.SystemClock_Config  main.o
    0x08002e9c   0x08002e9c   0x00000010   Code   RO         3136    i.SystemInit        system_stm32f4xx.o
    0x08002eac   0x08002eac   0x00000010   Code   RO         2815    i.UART_DMAAbortOnError  stm32f4xx_hal_uart.o
    0x08002ebc   0x08002ebc   0x0000004a   Code   RO         2816    i.UART_DMAError     stm32f4xx_hal_uart.o
    0x08002f06   0x08002f06   0x00000086   Code   RO         2817    i.UART_DMAReceiveCplt  stm32f4xx_hal_uart.o
    0x08002f8c   0x08002f8c   0x0000001e   Code   RO         2819    i.UART_DMARxHalfCplt  stm32f4xx_hal_uart.o
    0x08002faa   0x08002faa   0x0000004e   Code   RO         2825    i.UART_EndRxTransfer  stm32f4xx_hal_uart.o
    0x08002ff8   0x08002ff8   0x0000001c   Code   RO         2826    i.UART_EndTxTransfer  stm32f4xx_hal_uart.o
    0x08003014   0x08003014   0x000000c2   Code   RO         2827    i.UART_Receive_IT   stm32f4xx_hal_uart.o
    0x080030d6   0x080030d6   0x00000002   PAD
    0x080030d8   0x080030d8   0x0000010c   Code   RO         2828    i.UART_SetConfig    stm32f4xx_hal_uart.o
    0x080031e4   0x080031e4   0x00000090   Code   RO         2829    i.UART_Start_Receive_DMA  stm32f4xx_hal_uart.o
    0x08003274   0x08003274   0x00000036   Code   RO         2830    i.UART_Start_Receive_IT  stm32f4xx_hal_uart.o
    0x080032aa   0x080032aa   0x00000002   PAD
    0x080032ac   0x080032ac   0x0000000c   Code   RO          620    i.USART1_IRQHandler  stm32f4xx_it.o
    0x080032b8   0x080032b8   0x0000000c   Code   RO          621    i.USART2_IRQHandler  stm32f4xx_it.o
    0x080032c4   0x080032c4   0x0000000c   Code   RO          622    i.USART6_IRQHandler  stm32f4xx_it.o
    0x080032d0   0x080032d0   0x00000002   Code   RO          623    i.UsageFault_Handler  stm32f4xx_it.o
    0x080032d2   0x080032d2   0x00000020   Code   RO         2060    i.__NVIC_SetPriority  stm32f4xx_hal_cortex.o
    0x080032f2   0x080032f2   0x00000034   Code   RO           21    i.convertCANid2Reg  canspi.o
    0x08003326   0x08003326   0x00000002   PAD
    0x08003328   0x08003328   0x00000190   Code   RO          328    i.main              main.o
    0x080034b8   0x080034b8   0x0000002c   Code   RO          329    i.unpack_hid        main.o
    0x080034e4   0x080034e4   0x00000050   Code   RO          330    i.unpack_lrs        main.o
    0x08003534   0x08003534   0x00000150   Code   RO         3182    x$fpl$dadd          fz_wm.l(daddsub_clz.o)
    0x08003684   0x08003684   0x0000005e   Code   RO         3188    x$fpl$dfix          fz_wm.l(dfix.o)
    0x080036e2   0x080036e2   0x0000002e   Code   RO         3193    x$fpl$dflt          fz_wm.l(dflt_clz.o)
    0x08003710   0x08003710   0x00000026   Code   RO         3192    x$fpl$dfltu         fz_wm.l(dflt_clz.o)
    0x08003736   0x08003736   0x00000002   PAD
    0x08003738   0x08003738   0x00000154   Code   RO         3198    x$fpl$dmul          fz_wm.l(dmul.o)
    0x0800388c   0x0800388c   0x0000009c   Code   RO         3207    x$fpl$dnaninf       fz_wm.l(dnaninf.o)
    0x08003928   0x08003928   0x0000000c   Code   RO         3209    x$fpl$dretinf       fz_wm.l(dretinf.o)
    0x08003934   0x08003934   0x000001d4   Code   RO         3184    x$fpl$dsub          fz_wm.l(daddsub_clz.o)
    0x08003b08   0x08003b08   0x0000000a   Code   RO         3314    x$fpl$fpinit        fz_wm.l(fpinit.o)
    0x08003b12   0x08003b12   0x00000000   Code   RO         3211    x$fpl$usenofp       fz_wm.l(usenofp.o)
    0x08003b12   0x08003b12   0x00000008   Data   RO         1750    .constdata          stm32f4xx_hal_dma.o
    0x08003b1a   0x08003b1a   0x00000010   Data   RO         3137    .constdata          system_stm32f4xx.o
    0x08003b2a   0x08003b2a   0x00000008   Data   RO         3138    .constdata          system_stm32f4xx.o
    0x08003b32   0x08003b32   0x00000002   PAD
    0x08003b34   0x08003b34   0x00000020   Data   RO         3372    Region$$Table       anon$$obj.o


    Execution Region RW_IRAM1 (Exec base: 0x20000000, Load base: 0x08003b54, Size: 0x00000be0, Max: 0x00020000, ABSOLUTE)

    Exec Addr    Load Addr    Size         Type   Attr      Idx    E Section Name        Object

    0x20000000   0x08003b54   0x0000000c   Data   RW           22    .data               canspi.o
    0x2000000c   0x08003b60   0x0000000c   Data   RW          336    .data               main.o
    0x20000018   0x08003b6c   0x0000000c   Data   RW         2219    .data               stm32f4xx_hal.o
    0x20000024   0x08003b78   0x00000004   Data   RW         3139    .data               system_stm32f4xx.o
    0x20000028        -       0x000001f8   Zero   RW          331    .bss                main.o
    0x20000220        -       0x00000054   Zero   RW          466    .bss                i2c.o
    0x20000274        -       0x000000b0   Zero   RW          509    .bss                spi.o
    0x20000324        -       0x00000258   Zero   RW          558    .bss                usart.o
    0x2000057c        -       0x00000060   Zero   RW         3244    .bss                c_w.l(libspace.o)
    0x200005dc   0x08003b7c   0x00000004   PAD
    0x200005e0        -       0x00000200   Zero   RW            2    HEAP                startup_stm32f411xe.o
    0x200007e0        -       0x00000400   Zero   RW            1    STACK               startup_stm32f411xe.o


==============================================================================

Image component sizes


      Code (inc. data)   RO Data    RW Data    ZI Data      Debug   Object Name

       594          4          0         12          0     409674   canspi.o
       108          4          0          0          0        842   dma.o
       152         12          0          0          0        939   gpio.o
       168         26          0          0         84       1689   i2c.o
      1120        118          0         12        504       7343   main.o
       620         62          0          0          0       9069   mcp2515.o
       340         42          0          0        176       2430   spi.o
        64         26        408          0       1536        848   startup_stm32f411xe.o
       180         28          0         12          0       9293   stm32f4xx_hal.o
       198         14          0          0          0      33831   stm32f4xx_hal_cortex.o
      1084         16          8          0          0       7374   stm32f4xx_hal_dma.o
       490         34          0          0          0       2180   stm32f4xx_hal_gpio.o
       392         16          0          0          0       3231   stm32f4xx_hal_i2c.o
        48          6          0          0          0        866   stm32f4xx_hal_msp.o
      1348         76          0          0          0       5256   stm32f4xx_hal_rcc.o
      2844         50          0          0          0      18687   stm32f4xx_hal_spi.o
      1808         30          0          0          0      14058   stm32f4xx_hal_uart.o
       116         48          0          0          0       8000   stm32f4xx_it.o
        16          4         24          4          0       1139   system_stm32f4xx.o
       664         68          0          0        600       3524   usart.o

    ----------------------------------------------------------------------
     12378        684        474         40       2900     540273   Object Totals
         0          0         32          0          0          0   (incl. Generated)
        24          0          2          0          0          0   (incl. Padding)

    ----------------------------------------------------------------------

      Code (inc. data)   RO Data    RW Data    ZI Data      Debug   Library Member Name

         8          0          0          0          0         68   __main.o
         0          0          0          0          0          0   __rtentry.o
        12          0          0          0          0          0   __rtentry2.o
         6          0          0          0          0          0   __rtentry4.o
        52          8          0          0          0          0   __scatter.o
        26          0          0          0          0          0   __scatter_copy.o
        28          0          0          0          0          0   __scatter_zi.o
        18          0          0          0          0         80   exit.o
         6          0          0          0          0        152   heapauxi.o
         0          0          0          0          0          0   indicate_semi.o
         2          0          0          0          0          0   libinit.o
         6          0          0          0          0          0   libinit2.o
         2          0          0          0          0          0   libshutdown.o
         2          0          0          0          0          0   libshutdown2.o
         8          4          0          0         96         68   libspace.o
       238          0          0          0          0        100   lludivv7m.o
        78          0          0          0          0         80   rt_memclr_w.o
       138          0          0          0          0         68   rt_memcpy_v6.o
       100          0          0          0          0         80   rt_memcpy_w.o
         2          0          0          0          0          0   rtexit.o
        10          0          0          0          0          0   rtexit2.o
        12          4          0          0          0         68   sys_exit.o
        74          0          0          0          0         80   sys_stackheap_outer.o
         2          0          0          0          0         68   use_no_semi.o
       804         16          0          0          0        368   daddsub_clz.o
        94          4          0          0          0        140   dfix.o
        84          0          0          0          0        232   dflt_clz.o
       340         12          0          0          0        152   dmul.o
       156          4          0          0          0        140   dnaninf.o
        12          0          0          0          0        116   dretinf.o
        10          0          0          0          0        116   fpinit.o
         0          0          0          0          0          0   usenofp.o

    ----------------------------------------------------------------------
      2336         52          0          0        100       2176   Library Totals
         6          0          0          0          4          0   (incl. Padding)

    ----------------------------------------------------------------------

      Code (inc. data)   RO Data    RW Data    ZI Data      Debug   Library Name

       830         16          0          0         96        912   c_w.l
      1500         36          0          0          0       1264   fz_wm.l

    ----------------------------------------------------------------------
      2336         52          0          0        100       2176   Library Totals

    ----------------------------------------------------------------------

==============================================================================


      Code (inc. data)   RO Data    RW Data    ZI Data      Debug   

     14714        736        474         40       3000     529885   Grand Totals
     14714        736        474         40       3000     529885   ELF Image Totals
     14714        736        474         40          0          0   ROM Totals

==============================================================================

    Total RO  Size (Code + RO Data)                15188 (  14.83kB)
    Total RW  Size (RW Data + ZI Data)              3040 (   2.97kB)
    Total ROM Size (Code + RO Data + RW Data)      15228 (  14.87kB)

==============================================================================

